Component: ARM Compiler 5.06 update 5 (build 528) Tool: armlink [4d35e2]

==============================================================================

Section Cross References

    startup_stm32f103xb.o(STACK) refers (Special) to heapauxi.o(.text) for __use_two_region_memory
    startup_stm32f103xb.o(HEAP) refers (Special) to heapauxi.o(.text) for __use_two_region_memory
    startup_stm32f103xb.o(RESET) refers (Special) to heapauxi.o(.text) for __use_two_region_memory
    startup_stm32f103xb.o(RESET) refers to startup_stm32f103xb.o(STACK) for __initial_sp
    startup_stm32f103xb.o(RESET) refers to startup_stm32f103xb.o(.text) for Reset_Handler
    startup_stm32f103xb.o(RESET) refers to stm32f1xx_it.o(i.NMI_Handler) for NMI_Handler
    startup_stm32f103xb.o(RESET) refers to stm32f1xx_it.o(i.HardFault_Handler) for HardFault_Handler
    startup_stm32f103xb.o(RESET) refers to stm32f1xx_it.o(i.MemManage_Handler) for MemManage_Handler
    startup_stm32f103xb.o(RESET) refers to stm32f1xx_it.o(i.BusFault_Handler) for BusFault_Handler
    startup_stm32f103xb.o(RESET) refers to stm32f1xx_it.o(i.UsageFault_Handler) for UsageFault_Handler
    startup_stm32f103xb.o(RESET) refers to stm32f1xx_it.o(i.SVC_Handler) for SVC_Handler
    startup_stm32f103xb.o(RESET) refers to stm32f1xx_it.o(i.DebugMon_Handler) for DebugMon_Handler
    startup_stm32f103xb.o(RESET) refers to stm32f1xx_it.o(i.PendSV_Handler) for PendSV_Handler
    startup_stm32f103xb.o(RESET) refers to stm32f1xx_it.o(i.SysTick_Handler) for SysTick_Handler
    startup_stm32f103xb.o(RESET) refers to stm32f1xx_it.o(i.DMA1_Channel1_IRQHandler) for DMA1_Channel1_IRQHandler
    startup_stm32f103xb.o(RESET) refers to stm32f1xx_it.o(i.DMA1_Channel4_IRQHandler) for DMA1_Channel4_IRQHandler
    startup_stm32f103xb.o(RESET) refers to stm32f1xx_it.o(i.DMA1_Channel5_IRQHandler) for DMA1_Channel5_IRQHandler
    startup_stm32f103xb.o(RESET) refers to stm32f1xx_it.o(i.TIM4_IRQHandler) for TIM4_IRQHandler
    startup_stm32f103xb.o(RESET) refers to stm32f1xx_it.o(i.USART1_IRQHandler) for USART1_IRQHandler
    startup_stm32f103xb.o(.text) refers (Special) to heapauxi.o(.text) for __use_two_region_memory
    startup_stm32f103xb.o(.text) refers to system_stm32f1xx.o(i.SystemInit) for SystemInit
    startup_stm32f103xb.o(.text) refers to __main.o(!!!main) for __main
    startup_stm32f103xb.o(.text) refers to startup_stm32f103xb.o(HEAP) for Heap_Mem
    startup_stm32f103xb.o(.text) refers to startup_stm32f103xb.o(STACK) for Stack_Mem
    signal_process.o(i.Analyze_Signal_ZC) refers to rt_memclr_w.o(.text) for __aeabi_memclr4
    signal_process.o(i.Analyze_Signal_ZC) refers to fflt_clz.o(x$fpl$ffltu) for __aeabi_ui2f
    signal_process.o(i.Analyze_Signal_ZC) refers to fmul.o(x$fpl$fmul) for __aeabi_fmul
    signal_process.o(i.Analyze_Signal_ZC) refers to fdiv.o(x$fpl$fdiv) for __aeabi_fdiv
    signal_process.o(i.Analyze_Signal_ZC) refers to faddsub_clz.o(x$fpl$fsub) for __aeabi_fsub
    signal_process.o(i.Analyze_Signal_ZC) refers to ffix.o(x$fpl$ffix) for __aeabi_f2iz
    signal_process.o(i.Analyze_Signal_ZC) refers to faddsub_clz.o(x$fpl$fadd) for __aeabi_fadd
    signal_process.o(i.Analyze_Signal_ZC) refers to rt_memcpy_w.o(.text) for __aeabi_memcpy4
    main.o(i.HAL_TIM_PeriodElapsedCallback) refers to stm32f1xx_hal.o(i.HAL_IncTick) for HAL_IncTick
    main.o(i.HAL_TIM_PeriodElapsedCallback) refers to tim.o(.data) for g_systick_counter
    main.o(i.Process_ADC_Data_Once) refers to _printf_percent.o(.ARM.Collect$$_printf_percent$$00000000) for _printf_percent
    main.o(i.Process_ADC_Data_Once) refers to _printf_f.o(.ARM.Collect$$_printf_percent$$00000003) for _printf_f
    main.o(i.Process_ADC_Data_Once) refers to printf1.o(x$fpl$printf1) for _printf_fp_dec
    main.o(i.Process_ADC_Data_Once) refers to signal_process.o(i.Analyze_Signal_ZC) for Analyze_Signal_ZC
    main.o(i.Process_ADC_Data_Once) refers to f2d.o(x$fpl$f2d) for __aeabi_f2d
    main.o(i.Process_ADC_Data_Once) refers to __2sprintf.o(.text) for __2sprintf
    main.o(i.Process_ADC_Data_Once) refers to stm32f1xx_hal_uart.o(i.HAL_UART_Transmit) for HAL_UART_Transmit
    main.o(i.Process_ADC_Data_Once) refers to main.o(.bss) for .bss
    main.o(i.Process_ADC_Data_Once) refers to main.o(.conststring) for .conststring
    main.o(i.Process_ADC_Data_Once) refers to usart.o(.bss) for huart1
    main.o(i.SystemClock_Config) refers to rt_memclr_w.o(.text) for __aeabi_memclr4
    main.o(i.SystemClock_Config) refers to stm32f1xx_hal_rcc.o(i.HAL_RCC_OscConfig) for HAL_RCC_OscConfig
    main.o(i.SystemClock_Config) refers to stm32f1xx_hal_rcc.o(i.HAL_RCC_ClockConfig) for HAL_RCC_ClockConfig
    main.o(i.SystemClock_Config) refers to stm32f1xx_hal_rcc_ex.o(i.HAL_RCCEx_PeriphCLKConfig) for HAL_RCCEx_PeriphCLKConfig
    main.o(i.main) refers to stm32f1xx_hal.o(i.HAL_Init) for HAL_Init
    main.o(i.main) refers to main.o(i.SystemClock_Config) for SystemClock_Config
    main.o(i.main) refers to gpio.o(i.MX_GPIO_Init) for MX_GPIO_Init
[...]
    .ARM.Collect$$rtentry$$0000000D          0x0800019e   Section        8  __rtentry2.o(.ARM.Collect$$rtentry$$0000000D)
    .ARM.Collect$$rtexit$$00000000           0x080001a6   Section        2  rtexit.o(.ARM.Collect$$rtexit$$00000000)
    .ARM.Collect$$rtexit$$00000002           0x080001a8   Section        0  rtexit2.o(.ARM.Collect$$rtexit$$00000002)
    .ARM.Collect$$rtexit$$00000003           0x080001a8   Section        4  rtexit2.o(.ARM.Collect$$rtexit$$00000003)
    .ARM.Collect$$rtexit$$00000004           0x080001ac   Section        6  rtexit2.o(.ARM.Collect$$rtexit$$00000004)
    .text                                    0x080001b4   Section       64  startup_stm32f103xb.o(.text)
    .text                                    0x080001f4   Section        0  __2sprintf.o(.text)
    .text                                    0x08000220   Section        0  _printf_dec.o(.text)
    .text                                    0x08000298   Section        0  __printf_wp.o(.text)
    .text                                    0x080003a8   Section        0  __0sscanf.o(.text)
    .text                                    0x080003e4   Section        0  _scanf_int.o(.text)
    .text                                    0x08000530   Section        0  strlen.o(.text)
    .text                                    0x0800056e   Section        0  strncmp.o(.text)
    .text                                    0x08000604   Section      100  rt_memcpy_w.o(.text)
    .text                                    0x08000668   Section       78  rt_memclr_w.o(.text)
    .text                                    0x080006b6   Section        0  heapauxi.o(.text)
    .text                                    0x080006bc   Section        0  _printf_intcommon.o(.text)
    .text                                    0x0800076e   Section        0  _printf_fp_dec.o(.text)
    _fp_digits                               0x08000771   Thumb Code   432  _printf_fp_dec.o(.text)
    .text                                    0x08000b8c   Section        0  _printf_char_common.o(.text)
    _printf_input_char                       0x08000b8d   Thumb Code    10  _printf_char_common.o(.text)
    .text                                    0x08000bbc   Section        0  _sputc.o(.text)
    .text                                    0x08000bc6   Section        0  _chval.o(.text)
    .text                                    0x08000be4   Section        0  scanf_char.o(.text)
    _scanf_char_input                        0x08000be5   Thumb Code    12  scanf_char.o(.text)
    .text                                    0x08000c10   Section        0  _sgetc.o(.text)
    .text                                    0x08000c50   Section        8  rt_locale_intlibspace.o(.text)
    .text                                    0x08000c58   Section      138  lludiv10.o(.text)
    .text                                    0x08000ce2   Section        0  isspace.o(.text)
    .text                                    0x08000cf4   Section        0  _printf_fp_infnan.o(.text)
    .text                                    0x08000d74   Section        0  _scanf.o(.text)
    .text                                    0x080010e8   Section        0  bigflt0.o(.text)
    .text                                    0x080011cc   Section        8  libspace.o(.text)
    .text                                    0x080011d4   Section       74  sys_stackheap_outer.o(.text)
    .text                                    0x08001220   Section       16  rt_ctype_table.o(.text)
    .text                                    0x08001230   Section        0  exit.o(.text)
    .text                                    0x08001244   Section      128  strcmpv7m.o(.text)
    .text                                    0x080012c4   Section        0  sys_exit.o(.text)
    .text                                    0x080012d0   Section        2  use_no_semi.o(.text)
    .text                                    0x080012d2   Section        0  indicate_semi.o(.text)
    CL$$btod_d2e                             0x080012d2   Section       62  btod.o(CL$$btod_d2e)
    CL$$btod_d2e_denorm_low                  0x08001310   Section       70  btod.o(CL$$btod_d2e_denorm_low)
    CL$$btod_d2e_norm_op1                    0x08001356   Section       96  btod.o(CL$$btod_d2e_norm_op1)
    CL$$btod_div_common                      0x080013b6   Section      824  btod.o(CL$$btod_div_common)
    CL$$btod_e2e                             0x080016ee   Section      220  btod.o(CL$$btod_e2e)
    CL$$btod_ediv                            0x080017ca   Section       42  btod.o(CL$$btod_ediv)
    CL$$btod_emul                            0x080017f4   Section       42  btod.o(CL$$btod_emul)
    CL$$btod_mult_common                     0x0800181e   Section      580  btod.o(CL$$btod_mult_common)
    i.ADC_ConversionStop_Disable             0x08001a64   Section        0  stm32f1xx_hal_adc.o(i.ADC_ConversionStop_Disable)
    i.ADC_DMAConvCplt                        0x08001aba   Section        0  stm32f1xx_hal_adc.o(i.ADC_DMAConvCplt)
    i.ADC_DMAError                           0x08001b08   Section        0  stm32f1xx_hal_adc.o(i.ADC_DMAError)
    i.ADC_DMAHalfConvCplt                    0x08001b22   Section        0  stm32f1xx_hal_adc.o(i.ADC_DMAHalfConvCplt)
    i.ADC_Enable                             0x08001b2c   Section        0  stm32f1xx_hal_adc.o(i.ADC_Enable)
    i.Analyze_Signal_ZC                      0x08001ba8   Section        0  signal_process.o(i.Analyze_Signal_ZC)
    i.BusFault_Handler                       0x08001d0c   Section        0  stm32f1xx_it.o(i.BusFault_Handler)
    i.DMA1_Channel1_IRQHandler               0x08001d10   Section        0  stm32f1xx_it.o(i.DMA1_Channel1_IRQHandler)
    i.DMA1_Channel4_IRQHandler               0x08001d1c   Section        0  stm32f1xx_it.o(i.DMA1_Channel4_IRQHandler)
    i.DMA1_Channel5_IRQHandler               0x08001d28   Section        0  stm32f1xx_it.o(i.DMA1_Channel5_IRQHandler)
    i.DMA_SetConfig                          0x08001d34   Section        0  stm32f1xx_hal_dma.o(i.DMA_SetConfig)
    DMA_SetConfig                            0x08001d35   Thumb Code    42  stm32f1xx_hal_dma.o(i.DMA_SetConfig)
    i.DebugMon_Handler                       0x08001d5e   Section        0  stm32f1xx_it.o(i.DebugMon_Handler)
    i.Error_Handler                          0x08001d60   Section        0  main.o(i.Error_Handler)
    i.HAL_ADCEx_Calibration_Start            0x08001d64   Section        0  stm32f1xx_hal_adc_ex.o(i.HAL_ADCEx_Calibration_Start)
    i.HAL_ADC_ConfigChannel                  0x08001e3c   Section        0  stm32f1xx_hal_adc.o(i.HAL_ADC_ConfigChannel)
    i.HAL_ADC_ConvCpltCallback               0x08001f38   Section        0  stm32f1xx_hal_adc.o(i.HAL_ADC_ConvCpltCallback)
    i.HAL_ADC_ConvHalfCpltCallback           0x08001f3a   Section        0  stm32f1xx_hal_adc.o(i.HAL_ADC_ConvHalfCpltCallback)
    i.HAL_ADC_ErrorCallback                  0x08001f3c   Section        0  stm32f1xx_hal_adc.o(i.HAL_ADC_ErrorCallback)
    i.HAL_ADC_Init                           0x08001f40   Section        0  stm32f1xx_hal_adc.o(i.HAL_ADC_Init)
    i.HAL_ADC_MspInit                        0x0800205c   Section        0  adc.o(i.HAL_ADC_MspInit)
    i.HAL_ADC_Start_DMA                      0x080020ec   Section        0  stm32f1xx_hal_adc.o(i.HAL_ADC_Start_DMA)
    i.HAL_DMA_Abort                          0x080021f8   Section        0  stm32f1xx_hal_dma.o(i.HAL_DMA_Abort)
    i.HAL_DMA_Abort_IT                       0x08002240   Section        0  stm32f1xx_hal_dma.o(i.HAL_DMA_Abort_IT)
    i.HAL_DMA_IRQHandler                     0x080022d8   Section        0  stm32f1xx_hal_dma.o(i.HAL_DMA_IRQHandler)
    i.HAL_DMA_Init                           0x0800242c   Section        0  stm32f1xx_hal_dma.o(i.HAL_DMA_Init)
    i.HAL_DMA_Start_IT                       0x08002488   Section        0  stm32f1xx_hal_dma.o(i.HAL_DMA_Start_IT)
    i.HAL_GPIO_Init                          0x080024f8   Section        0  stm32f1xx_hal_gpio.o(i.HAL_GPIO_Init)
    i.HAL_GetTick                            0x080026d8   Section        0  stm32f1xx_hal.o(i.HAL_GetTick)
    i.HAL_IncTick                            0x080026e4   Section        0  stm32f1xx_hal.o(i.HAL_IncTick)
    i.HAL_Init                               0x080026f4   Section        0  stm32f1xx_hal.o(i.HAL_Init)
    i.HAL_InitTick                           0x08002718   Section        0  stm32f1xx_hal_timebase_tim.o(i.HAL_InitTick)
    i.HAL_MspInit                            0x080027b0   Section        0  stm32f1xx_hal_msp.o(i.HAL_MspInit)
    i.HAL_NVIC_EnableIRQ                     0x080027ec   Section        0  stm32f1xx_hal_cortex.o(i.HAL_NVIC_EnableIRQ)
    i.HAL_NVIC_SetPriority                   0x08002808   Section        0  stm32f1xx_hal_cortex.o(i.HAL_NVIC_SetPriority)
    i.HAL_NVIC_SetPriorityGrouping           0x08002848   Section        0  stm32f1xx_hal_cortex.o(i.HAL_NVIC_SetPriorityGrouping)
    i.HAL_RCCEx_GetPeriphCLKFreq             0x0800286c   Section        0  stm32f1xx_hal_rcc_ex.o(i.HAL_RCCEx_GetPeriphCLKFreq)
    i.HAL_RCCEx_PeriphCLKConfig              0x08002910   Section        0  stm32f1xx_hal_rcc_ex.o(i.HAL_RCCEx_PeriphCLKConfig)
    i.HAL_RCC_ClockConfig                    0x080029fc   Section        0  stm32f1xx_hal_rcc.o(i.HAL_RCC_ClockConfig)
    i.HAL_RCC_GetClockConfig                 0x08002b28   Section        0  stm32f1xx_hal_rcc.o(i.HAL_RCC_GetClockConfig)
    i.HAL_RCC_GetPCLK1Freq                   0x08002b68   Section        0  stm32f1xx_hal_rcc.o(i.HAL_RCC_GetPCLK1Freq)
    i.HAL_RCC_GetPCLK2Freq                   0x08002b88   Section        0  stm32f1xx_hal_rcc.o(i.HAL_RCC_GetPCLK2Freq)
    i.HAL_RCC_GetSysClockFreq                0x08002ba8   Section        0  stm32f1xx_hal_rcc.o(i.HAL_RCC_GetSysClockFreq)
    i.HAL_RCC_OscConfig                      0x08002bf4   Section        0  stm32f1xx_hal_rcc.o(i.HAL_RCC_OscConfig)
    i.HAL_TIMEx_BreakCallback                0x08002f14   Section        0  stm32f1xx_hal_tim_ex.o(i.HAL_TIMEx_BreakCallback)
    i.HAL_TIMEx_CommutCallback               0x08002f16   Section        0  stm32f1xx_hal_tim_ex.o(i.HAL_TIMEx_CommutCallback)
    i.HAL_TIMEx_MasterConfigSynchronization  0x08002f18   Section        0  stm32f1xx_hal_tim_ex.o(i.HAL_TIMEx_MasterConfigSynchronization)
    i.HAL_TIM_Base_Init                      0x08002f80   Section        0  stm32f1xx_hal_tim.o(i.HAL_TIM_Base_Init)
    i.HAL_TIM_Base_MspInit                   0x08002fdc   Section        0  tim.o(i.HAL_TIM_Base_MspInit)
    i.HAL_TIM_Base_Start                     0x08003004   Section        0  stm32f1xx_hal_tim.o(i.HAL_TIM_Base_Start)
    i.HAL_TIM_Base_Start_IT                  0x08003054   Section        0  stm32f1xx_hal_tim.o(i.HAL_TIM_Base_Start_IT)
    i.HAL_TIM_ConfigClockSource              0x080030ac   Section        0  stm32f1xx_hal_tim.o(i.HAL_TIM_ConfigClockSource)
    i.HAL_TIM_IC_CaptureCallback             0x08003188   Section        0  stm32f1xx_hal_tim.o(i.HAL_TIM_IC_CaptureCallback)
    i.HAL_TIM_IRQHandler                     0x0800318a   Section        0  stm32f1xx_hal_tim.o(i.HAL_TIM_IRQHandler)
    i.HAL_TIM_OC_DelayElapsedCallback        0x080032ba   Section        0  stm32f1xx_hal_tim.o(i.HAL_TIM_OC_DelayElapsedCallback)
    i.HAL_TIM_PWM_PulseFinishedCallback      0x080032bc   Section        0  stm32f1xx_hal_tim.o(i.HAL_TIM_PWM_PulseFinishedCallback)
    i.HAL_TIM_PeriodElapsedCallback          0x080032c0   Section        0  main.o(i.HAL_TIM_PeriodElapsedCallback)
    i.HAL_TIM_TriggerCallback                0x080032e8   Section        0  stm32f1xx_hal_tim.o(i.HAL_TIM_TriggerCallback)
    i.HAL_UARTEx_RxEventCallback             0x080032ea   Section        0  stm32f1xx_hal_uart.o(i.HAL_UARTEx_RxEventCallback)
    i.HAL_UART_ErrorCallback                 0x080032ec   Section        0  stm32f1xx_hal_uart.o(i.HAL_UART_ErrorCallback)
    i.HAL_UART_IDLE_Callback                 0x080032f0   Section        0  usart.o(i.HAL_UART_IDLE_Callback)
    i.HAL_UART_IRQHandler                    0x08003308   Section        0  stm32f1xx_hal_uart.o(i.HAL_UART_IRQHandler)
    i.HAL_UART_Init                          0x08003574   Section        0  stm32f1xx_hal_uart.o(i.HAL_UART_Init)
    i.HAL_UART_MspInit                       0x080035d8   Section        0  usart.o(i.HAL_UART_MspInit)
    i.HAL_UART_Receive_IT                    0x080036b4   Section        0  stm32f1xx_hal_uart.o(i.HAL_UART_Receive_IT)
    i.HAL_UART_RxCpltCallback                0x080036d0   Section        0  usart.o(i.HAL_UART_RxCpltCallback)
    i.HAL_UART_Transmit                      0x08003714   Section        0  stm32f1xx_hal_uart.o(i.HAL_UART_Transmit)
    i.HAL_UART_TxCpltCallback                0x080037b4   Section        0  stm32f1xx_hal_uart.o(i.HAL_UART_TxCpltCallback)
    i.HardFault_Handler                      0x080037b6   Section        0  stm32f1xx_it.o(i.HardFault_Handler)
    i.MX_ADC1_Init                           0x080037b8   Section        0  adc.o(i.MX_ADC1_Init)
    i.MX_DMA_Init                            0x08003808   Section        0  dma.o(i.MX_DMA_Init)
    i.MX_GPIO_Init                           0x08003854   Section        0  gpio.o(i.MX_GPIO_Init)
    i.MX_TIM3_Init                           0x08003880   Section        0  tim.o(i.MX_TIM3_Init)
    i.MX_USART1_UART_Init                    0x080038e8   Section        0  usart.o(i.MX_USART1_UART_Init)
    i.MemManage_Handler                      0x08003928   Section        0  stm32f1xx_it.o(i.MemManage_Handler)
    i.NMI_Handler                            0x0800392a   Section        0  stm32f1xx_it.o(i.NMI_Handler)
    i.PendSV_Handler                         0x0800392c   Section        0  stm32f1xx_it.o(i.PendSV_Handler)
    i.Process_ADC_Data_Once                  0x08003930   Section        0  main.o(i.Process_ADC_Data_Once)
    i.SVC_Handler                            0x080039a4   Section        0  stm32f1xx_it.o(i.SVC_Handler)
    i.SysTick_Handler                        0x080039a6   Section        0  stm32f1xx_it.o(i.SysTick_Handler)
    i.SystemClock_Config                     0x080039a8   Section        0  main.o(i.SystemClock_Config)
    i.SystemInit                             0x08003a20   Section        0  system_stm32f1xx.o(i.SystemInit)
    i.TIM4_IRQHandler                        0x08003a24   Section        0  stm32f1xx_it.o(i.TIM4_IRQHandler)
    i.TIM_Base_SetConfig                     0x08003a30   Section        0  stm32f1xx_hal_tim.o(i.TIM_Base_SetConfig)
    i.TIM_ETR_SetConfig                      0x08003aa8   Section        0  stm32f1xx_hal_tim.o(i.TIM_ETR_SetConfig)
    i.TIM_ITRx_SetConfig                     0x08003abc   Section        0  stm32f1xx_hal_tim.o(i.TIM_ITRx_SetConfig)
    TIM_ITRx_SetConfig                       0x08003abd   Thumb Code    16  stm32f1xx_hal_tim.o(i.TIM_ITRx_SetConfig)
    i.TIM_TI1_ConfigInputStage               0x08003acc   Section        0  stm32f1xx_hal_tim.o(i.TIM_TI1_ConfigInputStage)
    TIM_TI1_ConfigInputStage                 0x08003acd   Thumb Code    34  stm32f1xx_hal_tim.o(i.TIM_TI1_ConfigInputStage)
    i.TIM_TI2_ConfigInputStage               0x08003aee   Section        0  stm32f1xx_hal_tim.o(i.TIM_TI2_ConfigInputStage)
    TIM_TI2_ConfigInputStage                 0x08003aef   Thumb Code    36  stm32f1xx_hal_tim.o(i.TIM_TI2_ConfigInputStage)
    i.UART_DMAAbortOnError                   0x08003b12   Section        0  stm32f1xx_hal_uart.o(i.UART_DMAAbortOnError)
    UART_DMAAbortOnError                     0x08003b13   Thumb Code    16  stm32f1xx_hal_uart.o(i.UART_DMAAbortOnError)
    i.UART_EndRxTransfer                     0x08003b22   Section        0  stm32f1xx_hal_uart.o(i.UART_EndRxTransfer)
    UART_EndRxTransfer                       0x08003b23   Thumb Code    78  stm32f1xx_hal_uart.o(i.UART_EndRxTransfer)
    i.UART_Process_Command                   0x08003b70   Section        0  usart.o(i.UART_Process_Command)
    i.UART_Receive_IT                        0x08003c78   Section        0  stm32f1xx_hal_uart.o(i.UART_Receive_IT)
    UART_Receive_IT                          0x08003c79   Thumb Code   194  stm32f1xx_hal_uart.o(i.UART_Receive_IT)
    i.UART_SetConfig                         0x08003d3c   Section        0  stm32f1xx_hal_uart.o(i.UART_SetConfig)
    UART_SetConfig                           0x08003d3d   Thumb Code   178  stm32f1xx_hal_uart.o(i.UART_SetConfig)
    i.UART_Start_Receive                     0x08003df4   Section        0  usart.o(i.UART_Start_Receive)
    i.UART_Start_Receive_IT                  0x08003e20   Section        0  stm32f1xx_hal_uart.o(i.UART_Start_Receive_IT)
    i.UART_Transmit_String                   0x08003e58   Section        0  usart.o(i.UART_Transmit_String)
    i.UART_WaitOnFlagUntilTimeout            0x08003e78   Section        0  stm32f1xx_hal_uart.o(i.UART_WaitOnFlagUntilTimeout)
    UART_WaitOnFlagUntilTimeout              0x08003e79   Thumb Code   114  stm32f1xx_hal_uart.o(i.UART_WaitOnFlagUntilTimeout)
    i.USART1_IRQHandler                      0x08003eec   Section        0  stm32f1xx_it.o(i.USART1_IRQHandler)
    i.UsageFault_Handler                     0x08003f14   Section        0  stm32f1xx_it.o(i.UsageFault_Handler)
    i.__ARM_fpclassify                       0x08003f16   Section        0  fpclassify.o(i.__ARM_fpclassify)
    i.__NVIC_SetPriority                     0x08003f3e   Section        0  stm32f1xx_hal_cortex.o(i.__NVIC_SetPriority)
    __NVIC_SetPriority                       0x08003f3f   Thumb Code    32  stm32f1xx_hal_cortex.o(i.__NVIC_SetPriority)
    i._is_digit                              0x08003f5e   Section        0  __printf_wp.o(i._is_digit)
    i.main                                   0x08003f6c   Section        0  main.o(i.main)
    locale$$code                             0x08004070   Section       44  lc_numeric_c.o(locale$$code)
    locale$$code                             0x0800409c   Section       44  lc_ctype_c.o(locale$$code)
    x$fpl$dretinf                            0x080040c8   Section       12  dretinf.o(x$fpl$dretinf)
    x$fpl$f2d                                0x080040d4   Section       86  f2d.o(x$fpl$f2d)
    x$fpl$fadd                               0x0800412c   Section      196  faddsub_clz.o(x$fpl$fadd)
    _fadd1                                   0x0800413b   Thumb Code     0  faddsub_clz.o(x$fpl$fadd)
    x$fpl$fdiv                               0x080041f0   Section      388  fdiv.o(x$fpl$fdiv)
    _fdiv1                                   0x080041f1   Thumb Code     0  fdiv.o(x$fpl$fdiv)
    x$fpl$ffix                               0x08004374   Section       54  ffix.o(x$fpl$ffix)
    x$fpl$ffltu                              0x080043ac   Section       38  fflt_clz.o(x$fpl$ffltu)
    x$fpl$fmul                               0x080043d4   Section      258  fmul.o(x$fpl$fmul)
    x$fpl$fnaninf                            0x080044d6   Section      140  fnaninf.o(x$fpl$fnaninf)
    x$fpl$fretinf                            0x08004562   Section       10  fretinf.o(x$fpl$fretinf)
    x$fpl$fsub                               0x0800456c   Section      234  faddsub_clz.o(x$fpl$fsub)
    _fsub1                                   0x0800457b   Thumb Code     0  faddsub_clz.o(x$fpl$fsub)
    x$fpl$printf1                            0x08004656   Section        4  printf1.o(x$fpl$printf1)
    .constdata                               0x0800465a   Section       18  stm32f1xx_hal_rcc.o(.constdata)
    x$fpl$usenofp                            0x0800465a   Section        0  usenofp.o(x$fpl$usenofp)
    aPredivFactorTable                       0x0800465a   Data           2  stm32f1xx_hal_rcc.o(.constdata)
    aPLLMULFactorTable                       0x0800465c   Data          16  stm32f1xx_hal_rcc.o(.constdata)
    .constdata                               0x0800466c   Section       18  stm32f1xx_hal_rcc_ex.o(.constdata)
    aPredivFactorTable                       0x0800466c   Data           2  stm32f1xx_hal_rcc_ex.o(.constdata)
    aPLLMULFactorTable                       0x0800466e   Data          16  stm32f1xx_hal_rcc_ex.o(.constdata)
    .constdata                               0x0800467e   Section       16  system_stm32f1xx.o(.constdata)
    .constdata                               0x0800468e   Section        8  system_stm32f1xx.o(.constdata)
    .constdata                               0x08004698   Section      148  bigflt0.o(.constdata)
    tenpwrs_x                                0x08004698   Data          60  bigflt0.o(.constdata)
    tenpwrs_i                                0x080046d4   Data          64  bigflt0.o(.constdata)
    .conststring                             0x0800472c   Section       73  main.o(.conststring)
    locale$$data                             0x08004798   Section       28  lc_numeric_c.o(locale$$data)
    __lcnum_c_name                           0x0800479c   Data           2  lc_numeric_c.o(locale$$data)
    __lcnum_c_start                          0x080047a4   Data           0  lc_numeric_c.o(locale$$data)
    __lcnum_c_point                          0x080047b0   Data           0  lc_numeric_c.o(locale$$data)
    __lcnum_c_thousands                      0x080047b2   Data           0  lc_numeric_c.o(locale$$data)
    __lcnum_c_grouping                       0x080047b3   Data           0  lc_numeric_c.o(locale$$data)
    locale$$data                             0x080047b4   Section      272  lc_ctype_c.o(locale$$data)
    __lcnum_c_end                            0x080047b4   Data           0  lc_numeric_c.o(locale$$data)
    __lcctype_c_name                         0x080047b8   Data           2  lc_ctype_c.o(locale$$data)
    __lcctype_c_start                        0x080047c0   Data           0  lc_ctype_c.o(locale$$data)
    __lcctype_c_end                          0x080048c4   Data           0  lc_ctype_c.o(locale$$data)
    .data                                    0x20000000   Section        4  main.o(.data)
    .data                                    0x20000004   Section        4  tim.o(.data)
    .data                                    0x20000008   Section        2  usart.o(.data)
    .data                                    0x2000000c   Section       12  stm32f1xx_hal.o(.data)
    .data                                    0x20000018   Section        4  system_stm32f1xx.o(.data)
    .bss                                     0x2000001c   Section    16000  main.o(.bss)
    .bss                                     0x20003e9c   Section      116  adc.o(.bss)
    .bss                                     0x20003f10   Section       72  tim.o(.bss)
    .bss                                     0x20003f58   Section      336  usart.o(.bss)
    .bss                                     0x200040a8   Section       72  stm32f1xx_hal_timebase_tim.o(.bss)
    .bss                                     0x200040f0   Section       96  libspace.o(.bss)
    HEAP                                     0x20004150   Section      512  startup_stm32f103xb.o(HEAP)
    Heap_Mem                                 0x20004150   Data         512  startup_stm32f103xb.o(HEAP)
    STACK                                    0x20004350   Section     1024  startup_stm32f103xb.o(STACK)
    Stack_Mem                                0x20004350   Data        1024  startup_stm32f103xb.o(STACK)
    __initial_sp                             0x20004750   Data           0  startup_stm32f103xb.o(STACK)

    Global Symbols

    Symbol Name                              Value     Ov Type        Size  Object(Section)

    BuildAttributes$$THM_ISAv4$P$D$K$B$S$PE$A:L22UL41UL21$X:L11$S22US41US21$IEEE1$IW$USESV6$~STKCKD$USESV7$~SHL$OTIME$ROPI$IEEEJ$EBA8$UX$STANDARDLIB$REQ8$PRES8$EABIv2 0x00000000   Number         0  anon$$obj.o ABSOLUTE
    __ARM_use_no_argv                        0x00000000   Number         0  main.o ABSOLUTE
    _printf_flags                            0x00000000   Number         0  printf_stubs.o ABSOLUTE
    _printf_return_value                     0x00000000   Number         0  printf_stubs.o ABSOLUTE
    _printf_sizespec                         0x00000000   Number         0  printf_stubs.o ABSOLUTE
    _printf_widthprec                        0x00000000   Number         0  printf_stubs.o ABSOLUTE
    __ARM_exceptions_init                     - Undefined Weak Reference
    __alloca_initialize                       - Undefined Weak Reference
    __arm_preinit_                            - Undefined Weak Reference
    __cpp_initialize__aeabi_                  - Undefined Weak Reference
    __cxa_finalize                            - Undefined Weak Reference
    __sigvec_lookup                           - Undefined Weak Reference
    _atexit_init                              - Undefined Weak Reference
    _call_atexit_fns                          - Undefined Weak Reference
    _clock_init                               - Undefined Weak Reference
    _fp_trap_init                             - Undefined Weak Reference
    _fp_trap_shutdown                         - Undefined Weak Reference
    _get_lc_collate                           - Undefined Weak Reference
    _get_lc_monetary                          - Undefined Weak Reference
    _get_lc_time                              - Undefined Weak Reference
    _getenv_init                              - Undefined Weak Reference
    _handle_redirection                       - Undefined Weak Reference
    _init_alloc                               - Undefined Weak Reference
    _init_user_alloc                          - Undefined Weak Reference
    _initio                                   - Undefined Weak Reference
    _printf_post_padding                      - Undefined Weak Reference
    _printf_pre_padding                       - Undefined Weak Reference
    _printf_truncate_signed                   - Undefined Weak Reference
    _printf_truncate_unsigned                 - Undefined Weak Reference
    _rand_init                                - Undefined Weak Reference
    _scanf_longlong                           - Undefined Weak Reference
    _scanf_mbtowc                             - Undefined Weak Reference
    _scanf_real                               - Undefined Weak Reference
    _scanf_string                             - Undefined Weak Reference
    _scanf_wctomb                             - Undefined Weak Reference
    _scanf_wstring                            - Undefined Weak Reference
    _signal_finish                            - Undefined Weak Reference
    _signal_init                              - Undefined Weak Reference
    _terminate_alloc                          - Undefined Weak Reference
    _terminate_user_alloc                     - Undefined Weak Reference
    _terminateio                              - Undefined Weak Reference
    __Vectors_Size                           0x000000ec   Number         0  startup_stm32f103xb.o ABSOLUTE
    __Vectors                                0x08000000   Data           4  startup_stm32f103xb.o(RESET)
    __Vectors_End                            0x080000ec   Data           0  startup_stm32f103xb.o(RESET)
    __main                                   0x080000ed   Thumb Code     8  __main.o(!!!main)
    __scatterload                            0x080000f5   Thumb Code     0  __scatter.o(!!!scatter)
    __scatterload_rt2                        0x080000f5   Thumb Code    44  __scatter.o(!!!scatter)
    __scatterload_rt2_thumb_only             0x080000f5   Thumb Code     0  __scatter.o(!!!scatter)
    __scatterload_null                       0x08000103   Thumb Code     0  __scatter.o(!!!scatter)
    __scatterload_copy                       0x08000129   Thumb Code    26  __scatter_copy.o(!!handler_copy)
    __scatterload_zeroinit                   0x08000145   Thumb Code    28  __scatter_zi.o(!!handler_zi)
    _printf_f                                0x08000161   Thumb Code     0  _printf_f.o(.ARM.Collect$$_printf_percent$$00000003)
    _printf_percent                          0x08000161   Thumb Code     0  _printf_percent.o(.ARM.Collect$$_printf_percent$$00000000)
    _printf_u                                0x08000167   Thumb Code     0  _printf_u.o(.ARM.Collect$$_printf_percent$$0000000A)
    _printf_percent_end                      0x0800016d   Thumb Code     0  _printf_percent_end.o(.ARM.Collect$$_printf_percent$$00000017)
    __rt_lib_init                            0x08000171   Thumb Code     0  libinit.o(.ARM.Collect$$libinit$$00000000)
    __rt_lib_init_fp_1                       0x08000173   Thumb Code     0  libinit2.o(.ARM.Collect$$libinit$$00000002)
    __rt_lib_init_heap_1                     0x08000173   Thumb Code     0  libinit2.o(.ARM.Collect$$libinit$$0000000A)
    __rt_lib_init_lc_common                  0x08000173   Thumb Code     0  libinit2.o(.ARM.Collect$$libinit$$0000000F)
    __rt_lib_init_preinit_1                  0x08000173   Thumb Code     0  libinit2.o(.ARM.Collect$$libinit$$00000004)
    __rt_lib_init_rand_1                     0x08000173   Thumb Code     0  libinit2.o(.ARM.Collect$$libinit$$0000000E)
    __rt_lib_init_user_alloc_1               0x08000173   Thumb Code     0  libinit2.o(.ARM.Collect$$libinit$$0000000C)
    __rt_lib_init_lc_collate_1               0x08000179   Thumb Code     0  libinit2.o(.ARM.Collect$$libinit$$00000011)
    __rt_lib_init_lc_ctype_2                 0x08000179   Thumb Code     0  libinit2.o(.ARM.Collect$$libinit$$00000012)
    __rt_lib_init_lc_ctype_1                 0x08000185   Thumb Code     0  libinit2.o(.ARM.Collect$$libinit$$00000013)
    __rt_lib_init_lc_monetary_1              0x08000185   Thumb Code     0  libinit2.o(.ARM.Collect$$libinit$$00000015)
    __rt_lib_init_lc_numeric_2               0x08000185   Thumb Code     0  libinit2.o(.ARM.Collect$$libinit$$00000016)
    __rt_lib_init_alloca_1                   0x0800018f   Thumb Code     0  libinit2.o(.ARM.Collect$$libinit$$0000002E)
    __rt_lib_init_argv_1                     0x0800018f   Thumb Code     0  libinit2.o(.ARM.Collect$$libinit$$0000002C)
    __rt_lib_init_atexit_1                   0x0800018f   Thumb Code     0  libinit2.o(.ARM.Collect$$libinit$$0000001B)
    __rt_lib_init_clock_1                    0x0800018f   Thumb Code     0  libinit2.o(.ARM.Collect$$libinit$$00000021)
    __rt_lib_init_cpp_1                      0x0800018f   Thumb Code     0  libinit2.o(.ARM.Collect$$libinit$$00000032)
    __rt_lib_init_exceptions_1               0x0800018f   Thumb Code     0  libinit2.o(.ARM.Collect$$libinit$$00000030)
    __rt_lib_init_fp_trap_1                  0x0800018f   Thumb Code     0  libinit2.o(.ARM.Collect$$libinit$$0000001F)
    __rt_lib_init_getenv_1                   0x0800018f   Thumb Code     0  libinit2.o(.ARM.Collect$$libinit$$00000023)
    __rt_lib_init_lc_numeric_1               0x0800018f   Thumb Code     0  libinit2.o(.ARM.Collect$$libinit$$00000017)
    __rt_lib_init_lc_time_1                  0x0800018f   Thumb Code     0  libinit2.o(.ARM.Collect$$libinit$$00000019)
    __rt_lib_init_return                     0x0800018f   Thumb Code     0  libinit2.o(.ARM.Collect$$libinit$$00000033)
    __rt_lib_init_signal_1                   0x0800018f   Thumb Code     0  libinit2.o(.ARM.Collect$$libinit$$0000001D)
    __rt_lib_init_stdio_1                    0x0800018f   Thumb Code     0  libinit2.o(.ARM.Collect$$libinit$$00000025)
    __rt_lib_shutdown                        0x08000191   Thumb Code     0  libshutdown.o(.ARM.Collect$$libshutdown$$00000000)
    __rt_lib_shutdown_cpp_1                  0x08000193   Thumb Code     0  libshutdown2.o(.ARM.Collect$$libshutdown$$00000002)
    __rt_lib_shutdown_fp_trap_1              0x08000193   Thumb Code     0  libshutdown2.o(.ARM.Collect$$libshutdown$$00000007)
    __rt_lib_shutdown_heap_1                 0x08000193   Thumb Code     0  libshutdown2.o(.ARM.Collect$$libshutdown$$0000000F)
    __rt_lib_shutdown_return                 0x08000193   Thumb Code     0  libshutdown2.o(.ARM.Collect$$libshutdown$$00000010)
    __rt_lib_shutdown_signal_1               0x08000193   Thumb Code     0  libshutdown2.o(.ARM.Collect$$libshutdown$$0000000A)
    __rt_lib_shutdown_stdio_1                0x08000193   Thumb Code     0  libshutdown2.o(.ARM.Collect$$libshutdown$$00000004)
    __rt_lib_shutdown_user_alloc_1           0x08000193   Thumb Code     0  libshutdown2.o(.ARM.Collect$$libshutdown$$0000000C)
    __rt_entry                               0x08000195   Thumb Code     0  __rtentry.o(.ARM.Collect$$rtentry$$00000000)
    __rt_entry_presh_1                       0x08000195   Thumb Code     0  __rtentry2.o(.ARM.Collect$$rtentry$$00000002)
    __rt_entry_sh                            0x08000195   Thumb Code     0  __rtentry4.o(.ARM.Collect$$rtentry$$00000004)
    __rt_entry_li                            0x0800019b   Thumb Code     0  __rtentry2.o(.ARM.Collect$$rtentry$$0000000A)
    __rt_entry_postsh_1                      0x0800019b   Thumb Code     0  __rtentry2.o(.ARM.Collect$$rtentry$$00000009)
    __rt_entry_main                          0x0800019f   Thumb Code     0  __rtentry2.o(.ARM.Collect$$rtentry$$0000000D)
    __rt_entry_postli_1                      0x0800019f   Thumb Code     0  __rtentry2.o(.ARM.Collect$$rtentry$$0000000C)
    __rt_exit                                0x080001a7   Thumb Code     0  rtexit.o(.ARM.Collect$$rtexit$$00000000)
    __rt_exit_ls                             0x080001a9   Thumb Code     0  rtexit2.o(.ARM.Collect$$rtexit$$00000003)
    __rt_exit_prels_1                        0x080001a9   Thumb Code     0  rtexit2.o(.ARM.Collect$$rtexit$$00000002)
    __rt_exit_exit                           0x080001ad   Thumb Code     0  rtexit2.o(.ARM.Collect$$rtexit$$00000004)
    Reset_Handler                            0x080001b5   Thumb Code     8  startup_stm32f103xb.o(.text)
    ADC1_2_IRQHandler                        0x080001cf   Thumb Code     0  startup_stm32f103xb.o(.text)
    CAN1_RX1_IRQHandler                      0x080001cf   Thumb Code     0  startup_stm32f103xb.o(.text)
    CAN1_SCE_IRQHandler                      0x080001cf   Thumb Code     0  startup_stm32f103xb.o(.text)
    DMA1_Channel2_IRQHandler                 0x080001cf   Thumb Code     0  startup_stm32f103xb.o(.text)
    DMA1_Channel3_IRQHandler                 0x080001cf   Thumb Code     0  startup_stm32f103xb.o(.text)
    DMA1_Channel6_IRQHandler                 0x080001cf   Thumb Code     0  startup_stm32f103xb.o(.text)
    DMA1_Channel7_IRQHandler                 0x080001cf   Thumb Code     0  startup_stm32f103xb.o(.text)
    EXTI0_IRQHandler                         0x080001cf   Thumb Code     0  startup_stm32f103xb.o(.text)
    EXTI15_10_IRQHandler                     0x080001cf   Thumb Code     0  startup_stm32f103xb.o(.text)
    EXTI1_IRQHandler                         0x080001cf   Thumb Code     0  startup_stm32f103xb.o(.text)
    EXTI2_IRQHandler                         0x080001cf   Thumb Code     0  startup_stm32f103xb.o(.text)
    EXTI3_IRQHandler                         0x080001cf   Thumb Code     0  startup_stm32f103xb.o(.text)
    EXTI4_IRQHandler                         0x080001cf   Thumb Code     0  startup_stm32f103xb.o(.text)
    EXTI9_5_IRQHandler                       0x080001cf   Thumb Code     0  startup_stm32f103xb.o(.text)
    FLASH_IRQHandler                         0x080001cf   Thumb Code     0  startup_stm32f103xb.o(.text)
    I2C1_ER_IRQHandler                       0x080001cf   Thumb Code     0  startup_stm32f103xb.o(.text)
    I2C1_EV_IRQHandler                       0x080001cf   Thumb Code     0  startup_stm32f103xb.o(.text)
    I2C2_ER_IRQHandler                       0x080001cf   Thumb Code     0  startup_stm32f103xb.o(.text)
    I2C2_EV_IRQHandler                       0x080001cf   Thumb Code     0  startup_stm32f103xb.o(.text)
    PVD_IRQHandler                           0x080001cf   Thumb Code     0  startup_stm32f103xb.o(.text)
    RCC_IRQHandler                           0x080001cf   Thumb Code     0  startup_stm32f103xb.o(.text)
    RTC_Alarm_IRQHandler                     0x080001cf   Thumb Code     0  startup_stm32f103xb.o(.text)
    RTC_IRQHandler                           0x080001cf   Thumb Code     0  startup_stm32f103xb.o(.text)
    SPI1_IRQHandler                          0x080001cf   Thumb Code     0  startup_stm32f103xb.o(.text)
    SPI2_IRQHandler                          0x080001cf   Thumb Code     0  startup_stm32f103xb.o(.text)
    TAMPER_IRQHandler                        0x080001cf   Thumb Code     0  startup_stm32f103xb.o(.text)
    TIM1_BRK_IRQHandler                      0x080001cf   Thumb Code     0  startup_stm32f103xb.o(.text)
    TIM1_CC_IRQHandler                       0x080001cf   Thumb Code     0  startup_stm32f103xb.o(.text)
    TIM1_TRG_COM_IRQHandler                  0x080001cf   Thumb Code     0  startup_stm32f103xb.o(.text)
    TIM1_UP_IRQHandler                       0x080001cf   Thumb Code     0  startup_stm32f103xb.o(.text)
    TIM2_IRQHandler                          0x080001cf   Thumb Code     0  startup_stm32f103xb.o(.text)
    TIM3_IRQHandler                          0x080001cf   Thumb Code     0  startup_stm32f103xb.o(.text)
    USART2_IRQHandler                        0x080001cf   Thumb Code     0  startup_stm32f103xb.o(.text)
    USART3_IRQHandler                        0x080001cf   Thumb Code     0  startup_stm32f103xb.o(.text)
    USBWakeUp_IRQHandler                     0x080001cf   Thumb Code     0  startup_stm32f103xb.o(.text)
    USB_HP_CAN1_TX_IRQHandler                0x080001cf   Thumb Code     0  startup_stm32f103xb.o(.text)
    USB_LP_CAN1_RX0_IRQHandler               0x080001cf   Thumb Code     0  startup_stm32f103xb.o(.text)
    WWDG_IRQHandler                          0x080001cf   Thumb Code     0  startup_stm32f103xb.o(.text)
    __user_initial_stackheap                 0x080001d1   Thumb Code     0  startup_stm32f103xb.o(.text)
    __2sprintf                               0x080001f5   Thumb Code    38  __2sprintf.o(.text)
    _printf_int_dec                          0x08000221   Thumb Code   104  _printf_dec.o(.text)
    __printf                                 0x08000299   Thumb Code   270  __printf_wp.o(.text)
    __0sscanf                                0x080003a9   Thumb Code    52  __0sscanf.o(.text)
    _scanf_int                               0x080003e5   Thumb Code   332  _scanf_int.o(.text)
    strlen                                   0x08000531   Thumb Code    62  strlen.o(.text)
    strncmp                                  0x0800056f   Thumb Code   150  strncmp.o(.text)
    __aeabi_memcpy4                          0x08000605   Thumb Code     0  rt_memcpy_w.o(.text)
    __aeabi_memcpy8                          0x08000605   Thumb Code     0  rt_memcpy_w.o(.text)
    __rt_memcpy_w                            0x08000605   Thumb Code   100  rt_memcpy_w.o(.text)
    _memcpy_lastbytes_aligned                0x0800064d   Thumb Code     0  rt_memcpy_w.o(.text)
    __aeabi_memclr4                          0x08000669   Thumb Code     0  rt_memclr_w.o(.text)
    __aeabi_memclr8                          0x08000669   Thumb Code     0  rt_memclr_w.o(.text)
    __rt_memclr_w                            0x08000669   Thumb Code    78  rt_memclr_w.o(.text)
    _memset_w                                0x0800066d   Thumb Code     0  rt_memclr_w.o(.text)
    __use_two_region_memory                  0x080006b7   Thumb Code     2  heapauxi.o(.text)
    __rt_heap_escrow$2region                 0x080006b9   Thumb Code     2  heapauxi.o(.text)
    __rt_heap_expand$2region                 0x080006bb   Thumb Code     2  heapauxi.o(.text)
    _printf_int_common                       0x080006bd   Thumb Code   178  _printf_intcommon.o(.text)
    __lib_sel_fp_printf                      0x0800076f   Thumb Code     2  _printf_fp_dec.o(.text)
    _printf_fp_dec_real                      0x08000921   Thumb Code   620  _printf_fp_dec.o(.text)
    _printf_char_common                      0x08000b97   Thumb Code    32  _printf_char_common.o(.text)
    _sputc                                   0x08000bbd   Thumb Code    10  _sputc.o(.text)
    _chval                                   0x08000bc7   Thumb Code    28  _chval.o(.text)
    __vfscanf_char                           0x08000bf1   Thumb Code    24  scanf_char.o(.text)
    _sgetc                                   0x08000c11   Thumb Code    30  _sgetc.o(.text)
    _sbackspace                              0x08000c2f   Thumb Code    34  _sgetc.o(.text)
    __rt_locale                              0x08000c51   Thumb Code     8  rt_locale_intlibspace.o(.text)
    _ll_udiv10                               0x08000c59   Thumb Code   138  lludiv10.o(.text)
    isspace                                  0x08000ce3   Thumb Code    18  isspace.o(.text)
    _printf_fp_infnan                        0x08000cf5   Thumb Code   112  _printf_fp_infnan.o(.text)
    __vfscanf                                0x08000d75   Thumb Code   878  _scanf.o(.text)
    _btod_etento                             0x080010e9   Thumb Code   224  bigflt0.o(.text)
    __user_libspace                          0x080011cd   Thumb Code     8  libspace.o(.text)
    __user_perproc_libspace                  0x080011cd   Thumb Code     0  libspace.o(.text)
    __user_perthread_libspace                0x080011cd   Thumb Code     0  libspace.o(.text)
    __user_setup_stackheap                   0x080011d5   Thumb Code    74  sys_stackheap_outer.o(.text)
    __rt_ctype_table                         0x08001221   Thumb Code    16  rt_ctype_table.o(.text)
    exit                                     0x08001231   Thumb Code    18  exit.o(.text)
    strcmp                                   0x08001245   Thumb Code   128  strcmpv7m.o(.text)
    _sys_exit                                0x080012c5   Thumb Code     8  sys_exit.o(.text)
    __I$use$semihosting                      0x080012d1   Thumb Code     0  use_no_semi.o(.text)
    __use_no_semihosting_swi                 0x080012d1   Thumb Code     2  use_no_semi.o(.text)
    __semihosting_library_function           0x080012d3   Thumb Code     0  indicate_semi.o(.text)
    _btod_d2e                                0x080012d3   Thumb Code    62  btod.o(CL$$btod_d2e)
    _d2e_denorm_low                          0x08001311   Thumb Code    70  btod.o(CL$$btod_d2e_denorm_low)
    _d2e_norm_op1                            0x08001357   Thumb Code    96  btod.o(CL$$btod_d2e_norm_op1)
    __btod_div_common                        0x080013b7   Thumb Code   696  btod.o(CL$$btod_div_common)
    _e2e                                     0x080016ef   Thumb Code   220  btod.o(CL$$btod_e2e)
    _btod_ediv                               0x080017cb   Thumb Code    42  btod.o(CL$$btod_ediv)
    _btod_emul                               0x080017f5   Thumb Code    42  btod.o(CL$$btod_emul)
    __btod_mult_common                       0x0800181f   Thumb Code   580  btod.o(CL$$btod_mult_common)
    ADC_ConversionStop_Disable               0x08001a65   Thumb Code    86  stm32f1xx_hal_adc.o(i.ADC_ConversionStop_Disable)
    ADC_DMAConvCplt                          0x08001abb   Thumb Code    78  stm32f1xx_hal_adc.o(i.ADC_DMAConvCplt)
    ADC_DMAError                             0x08001b09   Thumb Code    26  stm32f1xx_hal_adc.o(i.ADC_DMAError)
    ADC_DMAHalfConvCplt                      0x08001b23   Thumb Code    10  stm32f1xx_hal_adc.o(i.ADC_DMAHalfConvCplt)
    ADC_Enable                               0x08001b2d   Thumb Code   114  stm32f1xx_hal_adc.o(i.ADC_Enable)
    Analyze_Signal_ZC                        0x08001ba9   Thumb Code   350  signal_process.o(i.Analyze_Signal_ZC)
    BusFault_Handler                         0x08001d0d   Thumb Code     2  stm32f1xx_it.o(i.BusFault_Handler)
    DMA1_Channel1_IRQHandler                 0x08001d11   Thumb Code     6  stm32f1xx_it.o(i.DMA1_Channel1_IRQHandler)
    DMA1_Channel4_IRQHandler                 0x08001d1d   Thumb Code     6  stm32f1xx_it.o(i.DMA1_Channel4_IRQHandler)
    DMA1_Channel5_IRQHandler                 0x08001d29   Thumb Code     6  stm32f1xx_it.o(i.DMA1_Channel5_IRQHandler)
    DebugMon_Handler                         0x08001d5f   Thumb Code     2  stm32f1xx_it.o(i.DebugMon_Handler)
    Error_Handler                            0x08001d61   Thumb Code     4  main.o(i.Error_Handler)
    HAL_ADCEx_Calibration_Start              0x08001d65   Thumb Code   210  stm32f1xx_hal_adc_ex.o(i.HAL_ADCEx_Calibration_Start)
    HAL_ADC_ConfigChannel                    0x08001e3d   Thumb Code   240  stm32f1xx_hal_adc.o(i.HAL_ADC_ConfigChannel)
    HAL_ADC_ConvCpltCallback                 0x08001f39   Thumb Code     2  stm32f1xx_hal_adc.o(i.HAL_ADC_ConvCpltCallback)
    HAL_ADC_ConvHalfCpltCallback             0x08001f3b   Thumb Code     2  stm32f1xx_hal_adc.o(i.HAL_ADC_ConvHalfCpltCallback)
    HAL_ADC_ErrorCallback                    0x08001f3d   Thumb Code     2  stm32f1xx_hal_adc.o(i.HAL_ADC_ErrorCallback)
    HAL_ADC_Init                             0x08001f41   Thumb Code   272  stm32f1xx_hal_adc.o(i.HAL_ADC_Init)
    HAL_ADC_MspInit                          0x0800205d   Thumb Code   124  adc.o(i.HAL_ADC_MspInit)
    HAL_ADC_Start_DMA                        0x080020ed   Thumb Code   246  stm32f1xx_hal_adc.o(i.HAL_ADC_Start_DMA)
    HAL_DMA_Abort                            0x080021f9   Thumb Code    70  stm32f1xx_hal_dma.o(i.HAL_DMA_Abort)
    HAL_DMA_Abort_IT                         0x08002241   Thumb Code   148  stm32f1xx_hal_dma.o(i.HAL_DMA_Abort_IT)
    HAL_DMA_IRQHandler                       0x080022d9   Thumb Code   316  stm32f1xx_hal_dma.o(i.HAL_DMA_IRQHandler)
    HAL_DMA_Init                             0x0800242d   Thumb Code    84  stm32f1xx_hal_dma.o(i.HAL_DMA_Init)
    HAL_DMA_Start_IT                         0x08002489   Thumb Code   112  stm32f1xx_hal_dma.o(i.HAL_DMA_Start_IT)
    HAL_GPIO_Init                            0x080024f9   Thumb Code   446  stm32f1xx_hal_gpio.o(i.HAL_GPIO_Init)
    HAL_GetTick                              0x080026d9   Thumb Code     6  stm32f1xx_hal.o(i.HAL_GetTick)
    HAL_IncTick                              0x080026e5   Thumb Code    12  stm32f1xx_hal.o(i.HAL_IncTick)
    HAL_Init                                 0x080026f5   Thumb Code    32  stm32f1xx_hal.o(i.HAL_Init)
    HAL_InitTick                             0x08002719   Thumb Code   132  stm32f1xx_hal_timebase_tim.o(i.HAL_InitTick)
    HAL_MspInit                              0x080027b1   Thumb Code    52  stm32f1xx_hal_msp.o(i.HAL_MspInit)
    HAL_NVIC_EnableIRQ                       0x080027ed   Thumb Code    26  stm32f1xx_hal_cortex.o(i.HAL_NVIC_EnableIRQ)
    HAL_NVIC_SetPriority                     0x08002809   Thumb Code    60  stm32f1xx_hal_cortex.o(i.HAL_NVIC_SetPriority)
    HAL_NVIC_SetPriorityGrouping             0x08002849   Thumb Code    26  stm32f1xx_hal_cortex.o(i.HAL_NVIC_SetPriorityGrouping)
    HAL_RCCEx_GetPeriphCLKFreq               0x0800286d   Thumb Code   148  stm32f1xx_hal_rcc_ex.o(i.HAL_RCCEx_GetPeriphCLKFreq)
    HAL_RCCEx_PeriphCLKConfig                0x08002911   Thumb Code   224  stm32f1xx_hal_rcc_ex.o(i.HAL_RCCEx_PeriphCLKConfig)
    HAL_RCC_ClockConfig                      0x080029fd   Thumb Code   280  stm32f1xx_hal_rcc.o(i.HAL_RCC_ClockConfig)
    HAL_RCC_GetClockConfig                   0x08002b29   Thumb Code    54  stm32f1xx_hal_rcc.o(i.HAL_RCC_GetClockConfig)
    HAL_RCC_GetPCLK1Freq                     0x08002b69   Thumb Code    20  stm32f1xx_hal_rcc.o(i.HAL_RCC_GetPCLK1Freq)
    HAL_RCC_GetPCLK2Freq                     0x08002b89   Thumb Code    20  stm32f1xx_hal_rcc.o(i.HAL_RCC_GetPCLK2Freq)
    HAL_RCC_GetSysClockFreq                  0x08002ba9   Thumb Code    58  stm32f1xx_hal_rcc.o(i.HAL_RCC_GetSysClockFreq)
    HAL_RCC_OscConfig                        0x08002bf5   Thumb Code   778  stm32f1xx_hal_rcc.o(i.HAL_RCC_OscConfig)
    HAL_TIMEx_BreakCallback                  0x08002f15   Thumb Code     2  stm32f1xx_hal_tim_ex.o(i.HAL_TIMEx_BreakCallback)
    HAL_TIMEx_CommutCallback                 0x08002f17   Thumb Code     2  stm32f1xx_hal_tim_ex.o(i.HAL_TIMEx_CommutCallback)
    HAL_TIMEx_MasterConfigSynchronization    0x08002f19   Thumb Code    92  stm32f1xx_hal_tim_ex.o(i.HAL_TIMEx_MasterConfigSynchronization)
    HAL_TIM_Base_Init                        0x08002f81   Thumb Code    90  stm32f1xx_hal_tim.o(i.HAL_TIM_Base_Init)
    HAL_TIM_Base_MspInit                     0x08002fdd   Thumb Code    30  tim.o(i.HAL_TIM_Base_MspInit)
    HAL_TIM_Base_Start                       0x08003005   Thumb Code    66  stm32f1xx_hal_tim.o(i.HAL_TIM_Base_Start)
    HAL_TIM_Base_Start_IT                    0x08003055   Thumb Code    76  stm32f1xx_hal_tim.o(i.HAL_TIM_Base_Start_IT)
    HAL_TIM_ConfigClockSource                0x080030ad   Thumb Code   220  stm32f1xx_hal_tim.o(i.HAL_TIM_ConfigClockSource)
    HAL_TIM_IC_CaptureCallback               0x08003189   Thumb Code     2  stm32f1xx_hal_tim.o(i.HAL_TIM_IC_CaptureCallback)
    HAL_TIM_IRQHandler                       0x0800318b   Thumb Code   304  stm32f1xx_hal_tim.o(i.HAL_TIM_IRQHandler)
    HAL_TIM_OC_DelayElapsedCallback          0x080032bb   Thumb Code     2  stm32f1xx_hal_tim.o(i.HAL_TIM_OC_DelayElapsedCallback)
    HAL_TIM_PWM_PulseFinishedCallback        0x080032bd   Thumb Code     2  stm32f1xx_hal_tim.o(i.HAL_TIM_PWM_PulseFinishedCallback)
    HAL_TIM_PeriodElapsedCallback            0x080032c1   Thumb Code    32  main.o(i.HAL_TIM_PeriodElapsedCallback)
    HAL_TIM_TriggerCallback                  0x080032e9   Thumb Code     2  stm32f1xx_hal_tim.o(i.HAL_TIM_TriggerCallback)
    HAL_UARTEx_RxEventCallback               0x080032eb   Thumb Code     2  stm32f1xx_hal_uart.o(i.HAL_UARTEx_RxEventCallback)
    HAL_UART_ErrorCallback                   0x080032ed   Thumb Code     2  stm32f1xx_hal_uart.o(i.HAL_UART_ErrorCallback)
    HAL_UART_IDLE_Callback                   0x080032f1   Thumb Code    16  usart.o(i.HAL_UART_IDLE_Callback)
    HAL_UART_IRQHandler                      0x08003309   Thumb Code   616  stm32f1xx_hal_uart.o(i.HAL_UART_IRQHandler)
    HAL_UART_Init                            0x08003575   Thumb Code   100  stm32f1xx_hal_uart.o(i.HAL_UART_Init)
    HAL_UART_MspInit                         0x080035d9   Thumb Code   198  usart.o(i.HAL_UART_MspInit)
    HAL_UART_Receive_IT                      0x080036b5   Thumb Code    28  stm32f1xx_hal_uart.o(i.HAL_UART_Receive_IT)
    HAL_UART_RxCpltCallback                  0x080036d1   Thumb Code    56  usart.o(i.HAL_UART_RxCpltCallback)
    HAL_UART_Transmit                        0x08003715   Thumb Code   160  stm32f1xx_hal_uart.o(i.HAL_UART_Transmit)
    HAL_UART_TxCpltCallback                  0x080037b5   Thumb Code     2  stm32f1xx_hal_uart.o(i.HAL_UART_TxCpltCallback)
    HardFault_Handler                        0x080037b7   Thumb Code     2  stm32f1xx_it.o(i.HardFault_Handler)
    MX_ADC1_Init                             0x080037b9   Thumb Code    70  adc.o(i.MX_ADC1_Init)
    MX_DMA_Init                              0x08003809   Thumb Code    72  dma.o(i.MX_DMA_Init)
    MX_GPIO_Init                             0x08003855   Thumb Code    38  gpio.o(i.MX_GPIO_Init)
    MX_TIM3_Init                             0x08003881   Thumb Code    94  tim.o(i.MX_TIM3_Init)
    MX_USART1_UART_Init                      0x080038e9   Thumb Code    54  usart.o(i.MX_USART1_UART_Init)
    MemManage_Handler                        0x08003929   Thumb Code     2  stm32f1xx_it.o(i.MemManage_Handler)
    NMI_Handler                              0x0800392b   Thumb Code     2  stm32f1xx_it.o(i.NMI_Handler)
    PendSV_Handler                           0x0800392d   Thumb Code     2  stm32f1xx_it.o(i.PendSV_Handler)
    Process_ADC_Data_Once                    0x08003931   Thumb Code    96  main.o(i.Process_ADC_Data_Once)
    SVC_Handler                              0x080039a5   Thumb Code     2  stm32f1xx_it.o(i.SVC_Handler)
    SysTick_Handler                          0x080039a7   Thumb Code     2  stm32f1xx_it.o(i.SysTick_Handler)
    SystemClock_Config                       0x080039a9   Thumb Code   120  main.o(i.SystemClock_Config)
    SystemInit                               0x08003a21   Thumb Code     2  system_stm32f1xx.o(i.SystemInit)
    TIM4_IRQHandler                          0x08003a25   Thumb Code     6  stm32f1xx_it.o(i.TIM4_IRQHandler)
    TIM_Base_SetConfig                       0x08003a31   Thumb Code   108  stm32f1xx_hal_tim.o(i.TIM_Base_SetConfig)
    TIM_ETR_SetConfig                        0x08003aa9   Thumb Code    20  stm32f1xx_hal_tim.o(i.TIM_ETR_SetConfig)
    UART_Process_Command                     0x08003b71   Thumb Code   154  usart.o(i.UART_Process_Command)
    UART_Start_Receive                       0x08003df5   Thumb Code    34  usart.o(i.UART_Start_Receive)
    UART_Start_Receive_IT                    0x08003e21   Thumb Code    54  stm32f1xx_hal_uart.o(i.UART_Start_Receive_IT)
    UART_Transmit_String                     0x08003e59   Thumb Code    26  usart.o(i.UART_Transmit_String)
    USART1_IRQHandler                        0x08003eed   Thumb Code    34  stm32f1xx_it.o(i.USART1_IRQHandler)
    UsageFault_Handler                       0x08003f15   Thumb Code     2  stm32f1xx_it.o(i.UsageFault_Handler)
    __ARM_fpclassify                         0x08003f17   Thumb Code    40  fpclassify.o(i.__ARM_fpclassify)
    _is_digit                                0x08003f5f   Thumb Code    14  __printf_wp.o(i._is_digit)
    main                                     0x08003f6d   Thumb Code   156  main.o(i.main)
    _get_lc_numeric                          0x08004071   Thumb Code    44  lc_numeric_c.o(locale$$code)
    _get_lc_ctype                            0x0800409d   Thumb Code    44  lc_ctype_c.o(locale$$code)
    __fpl_dretinf                            0x080040c9   Thumb Code    12  dretinf.o(x$fpl$dretinf)
    __aeabi_f2d                              0x080040d5   Thumb Code     0  f2d.o(x$fpl$f2d)
    _f2d                                     0x080040d5   Thumb Code    86  f2d.o(x$fpl$f2d)
    __aeabi_fadd                             0x0800412d   Thumb Code     0  faddsub_clz.o(x$fpl$fadd)
    _fadd                                    0x0800412d   Thumb Code   196  faddsub_clz.o(x$fpl$fadd)
    __aeabi_fdiv                             0x080041f1   Thumb Code     0  fdiv.o(x$fpl$fdiv)
    _fdiv                                    0x080041f1   Thumb Code   384  fdiv.o(x$fpl$fdiv)
    __aeabi_f2iz                             0x08004375   Thumb Code     0  ffix.o(x$fpl$ffix)
    _ffix                                    0x08004375   Thumb Code    54  ffix.o(x$fpl$ffix)
    __aeabi_ui2f                             0x080043ad   Thumb Code     0  fflt_clz.o(x$fpl$ffltu)
    _ffltu                                   0x080043ad   Thumb Code    38  fflt_clz.o(x$fpl$ffltu)
    __aeabi_fmul                             0x080043d5   Thumb Code     0  fmul.o(x$fpl$fmul)
    _fmul                                    0x080043d5   Thumb Code   258  fmul.o(x$fpl$fmul)
    __fpl_fnaninf                            0x080044d7   Thumb Code   140  fnaninf.o(x$fpl$fnaninf)
    __fpl_fretinf                            0x08004563   Thumb Code    10  fretinf.o(x$fpl$fretinf)
    __aeabi_fsub                             0x0800456d   Thumb Code     0  faddsub_clz.o(x$fpl$fsub)
    _fsub                                    0x0800456d   Thumb Code   234  faddsub_clz.o(x$fpl$fsub)
    _printf_fp_dec                           0x08004657   Thumb Code     4  printf1.o(x$fpl$printf1)
    __I$use$fp                               0x0800465a   Number         0  usenofp.o(x$fpl$usenofp)
    AHBPrescTable                            0x0800467e   Data          16  system_stm32f1xx.o(.constdata)
    APBPrescTable                            0x0800468e   Data           8  system_stm32f1xx.o(.constdata)
    Region$$Table$$Base                      0x08004778   Number         0  anon$$obj.o(Region$$Table)
    Region$$Table$$Limit                     0x08004798   Number         0  anon$$obj.o(Region$$Table)
    __ctype                                  0x080047c1   Data           0  lc_ctype_c.o(locale$$data)
    last_collection_time                     0x20000000   Data           4  main.o(.data)
    g_systick_counter                        0x20000004   Data           4  tim.o(.data)
    uart_rx_len                              0x20000008   Data           1  usart.o(.data)
    uart_data_received                       0x20000009   Data           1  usart.o(.data)
    uwTickFreq                               0x2000000c   Data           1  stm32f1xx_hal.o(.data)
    uwTickPrio                               0x20000010   Data           4  stm32f1xx_hal.o(.data)
    uwTick                                   0x20000014   Data           4  stm32f1xx_hal.o(.data)
    SystemCoreClock                          0x20000018   Data           4  system_stm32f1xx.o(.data)
    adc_buffer                               0x2000001c   Data       16000  main.o(.bss)
    hadc1                                    0x20003e9c   Data          48  adc.o(.bss)
    hdma_adc1                                0x20003ecc   Data          68  adc.o(.bss)
    htim3                                    0x20003f10   Data          72  tim.o(.bss)
    uart_rx_buffer                           0x20003f58   Data         128  usart.o(.bss)
    huart1                                   0x20003fd8   Data          72  usart.o(.bss)
    hdma_usart1_rx                           0x20004020   Data          68  usart.o(.bss)
    hdma_usart1_tx                           0x20004064   Data          68  usart.o(.bss)
    htim4                                    0x200040a8   Data          72  stm32f1xx_hal_timebase_tim.o(.bss)
    __libspace_start                         0x200040f0   Data          96  libspace.o(.bss)
    __temporary_stack_top$libspace           0x20004150   Data           0  libspace.o(.bss)



==============================================================================

Memory Map of the image

  Image Entry point : 0x080000ed

  Load Region LR_IROM1 (Base: 0x08000000, Size: 0x000048e0, Max: 0x00010000, ABSOLUTE)

    Execution Region ER_IROM1 (Exec base: 0x08000000, Load base: 0x08000000, Size: 0x000048c4, Max: 0x00010000, ABSOLUTE)

    Exec Addr    Load Addr    Size         Type   Attr      Idx    E Section Name        Object

    0x08000000   0x08000000   0x000000ec   Data   RO            3    RESET               startup_stm32f103xb.o
    0x080000ec   0x080000ec   0x00000008   Code   RO         3384  * !!!main             c_w.l(__main.o)
    0x080000f4   0x080000f4   0x00000034   Code   RO         3643    !!!scatter          c_w.l(__scatter.o)
    0x08000128   0x08000128   0x0000001a   Code   RO         3645    !!handler_copy      c_w.l(__scatter_copy.o)
    0x08000142   0x08000142   0x00000002   PAD
    0x08000144   0x08000144   0x0000001c   Code   RO         3647    !!handler_zi        c_w.l(__scatter_zi.o)
    0x08000160   0x08000160   0x00000000   Code   RO         3369    .ARM.Collect$$_printf_percent$$00000000  c_w.l(_printf_percent.o)
    0x08000160   0x08000160   0x00000006   Code   RO         3368    .ARM.Collect$$_printf_percent$$00000003  c_w.l(_printf_f.o)
    0x08000166   0x08000166   0x00000006   Code   RO         3367    .ARM.Collect$$_printf_percent$$0000000A  c_w.l(_printf_u.o)
    0x0800016c   0x0800016c   0x00000004   Code   RO         3421    .ARM.Collect$$_printf_percent$$00000017  c_w.l(_printf_percent_end.o)
    0x08000170   0x08000170   0x00000002   Code   RO         3513    .ARM.Collect$$libinit$$00000000  c_w.l(libinit.o)
    0x08000172   0x08000172   0x00000000   Code   RO         3515    .ARM.Collect$$libinit$$00000002  c_w.l(libinit2.o)
    0x08000172   0x08000172   0x00000000   Code   RO         3517    .ARM.Collect$$libinit$$00000004  c_w.l(libinit2.o)
    0x08000172   0x08000172   0x00000000   Code   RO         3520    .ARM.Collect$$libinit$$0000000A  c_w.l(libinit2.o)
    0x08000172   0x08000172   0x00000000   Code   RO         3522    .ARM.Collect$$libinit$$0000000C  c_w.l(libinit2.o)
    0x08000172   0x08000172   0x00000000   Code   RO         3524    .ARM.Collect$$libinit$$0000000E  c_w.l(libinit2.o)
    0x08000172   0x08000172   0x00000006   Code   RO         3525    .ARM.Collect$$libinit$$0000000F  c_w.l(libinit2.o)
    0x08000178   0x08000178   0x00000000   Code   RO         3527    .ARM.Collect$$libinit$$00000011  c_w.l(libinit2.o)
    0x08000178   0x08000178   0x0000000c   Code   RO         3528    .ARM.Collect$$libinit$$00000012  c_w.l(libinit2.o)
    0x08000184   0x08000184   0x00000000   Code   RO         3529    .ARM.Collect$$libinit$$00000013  c_w.l(libinit2.o)
    0x08000184   0x08000184   0x00000000   Code   RO         3531    .ARM.Collect$$libinit$$00000015  c_w.l(libinit2.o)
    0x08000184   0x08000184   0x0000000a   Code   RO         3532    .ARM.Collect$$libinit$$00000016  c_w.l(libinit2.o)
    0x0800018e   0x0800018e   0x00000000   Code   RO         3533    .ARM.Collect$$libinit$$00000017  c_w.l(libinit2.o)
    0x0800018e   0x0800018e   0x00000000   Code   RO         3535    .ARM.Collect$$libinit$$00000019  c_w.l(libinit2.o)
    0x0800018e   0x0800018e   0x00000000   Code   RO         3537    .ARM.Collect$$libinit$$0000001B  c_w.l(libinit2.o)
    0x0800018e   0x0800018e   0x00000000   Code   RO         3539    .ARM.Collect$$libinit$$0000001D  c_w.l(libinit2.o)
    0x0800018e   0x0800018e   0x00000000   Code   RO         3541    .ARM.Collect$$libinit$$0000001F  c_w.l(libinit2.o)
    0x0800018e   0x0800018e   0x00000000   Code   RO         3543    .ARM.Collect$$libinit$$00000021  c_w.l(libinit2.o)
    0x0800018e   0x0800018e   0x00000000   Code   RO         3545    .ARM.Collect$$libinit$$00000023  c_w.l(libinit2.o)
    0x0800018e   0x0800018e   0x00000000   Code   RO         3547    .ARM.Collect$$libinit$$00000025  c_w.l(libinit2.o)
    0x0800018e   0x0800018e   0x00000000   Code   RO         3551    .ARM.Collect$$libinit$$0000002C  c_w.l(libinit2.o)
    0x0800018e   0x0800018e   0x00000000   Code   RO         3553    .ARM.Collect$$libinit$$0000002E  c_w.l(libinit2.o)
    0x0800018e   0x0800018e   0x00000000   Code   RO         3555    .ARM.Collect$$libinit$$00000030  c_w.l(libinit2.o)
    0x0800018e   0x0800018e   0x00000000   Code   RO         3557    .ARM.Collect$$libinit$$00000032  c_w.l(libinit2.o)
    0x0800018e   0x0800018e   0x00000002   Code   RO         3558    .ARM.Collect$$libinit$$00000033  c_w.l(libinit2.o)
    0x08000190   0x08000190   0x00000002   Code   RO         3591    .ARM.Collect$$libshutdown$$00000000  c_w.l(libshutdown.o)
    0x08000192   0x08000192   0x00000000   Code   RO         3602    .ARM.Collect$$libshutdown$$00000002  c_w.l(libshutdown2.o)
    0x08000192   0x08000192   0x00000000   Code   RO         3604    .ARM.Collect$$libshutdown$$00000004  c_w.l(libshutdown2.o)
    0x08000192   0x08000192   0x00000000   Code   RO         3607    .ARM.Collect$$libshutdown$$00000007  c_w.l(libshutdown2.o)
    0x08000192   0x08000192   0x00000000   Code   RO         3610    .ARM.Collect$$libshutdown$$0000000A  c_w.l(libshutdown2.o)
    0x08000192   0x08000192   0x00000000   Code   RO         3612    .ARM.Collect$$libshutdown$$0000000C  c_w.l(libshutdown2.o)
    0x08000192   0x08000192   0x00000000   Code   RO         3615    .ARM.Collect$$libshutdown$$0000000F  c_w.l(libshutdown2.o)
    0x08000192   0x08000192   0x00000002   Code   RO         3616    .ARM.Collect$$libshutdown$$00000010  c_w.l(libshutdown2.o)
    0x08000194   0x08000194   0x00000000   Code   RO         3412    .ARM.Collect$$rtentry$$00000000  c_w.l(__rtentry.o)
    0x08000194   0x08000194   0x00000000   Code   RO         3436    .ARM.Collect$$rtentry$$00000002  c_w.l(__rtentry2.o)
    0x08000194   0x08000194   0x00000006   Code   RO         3448    .ARM.Collect$$rtentry$$00000004  c_w.l(__rtentry4.o)
    0x0800019a   0x0800019a   0x00000000   Code   RO         3438    .ARM.Collect$$rtentry$$00000009  c_w.l(__rtentry2.o)
    0x0800019a   0x0800019a   0x00000004   Code   RO         3439    .ARM.Collect$$rtentry$$0000000A  c_w.l(__rtentry2.o)
    0x0800019e   0x0800019e   0x00000000   Code   RO         3441    .ARM.Collect$$rtentry$$0000000C  c_w.l(__rtentry2.o)
    0x0800019e   0x0800019e   0x00000008   Code   RO         3442    .ARM.Collect$$rtentry$$0000000D  c_w.l(__rtentry2.o)
    0x080001a6   0x080001a6   0x00000002   Code   RO         3559    .ARM.Collect$$rtexit$$00000000  c_w.l(rtexit.o)
    0x080001a8   0x080001a8   0x00000000   Code   RO         3569    .ARM.Collect$$rtexit$$00000002  c_w.l(rtexit2.o)
    0x080001a8   0x080001a8   0x00000004   Code   RO         3570    .ARM.Collect$$rtexit$$00000003  c_w.l(rtexit2.o)
    0x080001ac   0x080001ac   0x00000006   Code   RO         3571    .ARM.Collect$$rtexit$$00000004  c_w.l(rtexit2.o)
    0x080001b2   0x080001b2   0x00000002   PAD
    0x080001b4   0x080001b4   0x00000040   Code   RO            4    .text               startup_stm32f103xb.o
    0x080001f4   0x080001f4   0x0000002c   Code   RO         3339    .text               c_w.l(__2sprintf.o)
    0x08000220   0x08000220   0x00000078   Code   RO         3345    .text               c_w.l(_printf_dec.o)
    0x08000298   0x08000298   0x0000010e   Code   RO         3355    .text               c_w.l(__printf_wp.o)
    0x080003a6   0x080003a6   0x00000002   PAD
    0x080003a8   0x080003a8   0x0000003c   Code   RO         3370    .text               c_w.l(__0sscanf.o)
    0x080003e4   0x080003e4   0x0000014c   Code   RO         3372    .text               c_w.l(_scanf_int.o)
    0x08000530   0x08000530   0x0000003e   Code   RO         3374    .text               c_w.l(strlen.o)
    0x0800056e   0x0800056e   0x00000096   Code   RO         3376    .text               c_w.l(strncmp.o)
    0x08000604   0x08000604   0x00000064   Code   RO         3378    .text               c_w.l(rt_memcpy_w.o)
    0x08000668   0x08000668   0x0000004e   Code   RO         3380    .text               c_w.l(rt_memclr_w.o)
    0x080006b6   0x080006b6   0x00000006   Code   RO         3382    .text               c_w.l(heapauxi.o)
    0x080006bc   0x080006bc   0x000000b2   Code   RO         3413    .text               c_w.l(_printf_intcommon.o)
    0x0800076e   0x0800076e   0x0000041e   Code   RO         3415    .text               c_w.l(_printf_fp_dec.o)
    0x08000b8c   0x08000b8c   0x00000030   Code   RO         3417    .text               c_w.l(_printf_char_common.o)
    0x08000bbc   0x08000bbc   0x0000000a   Code   RO         3419    .text               c_w.l(_sputc.o)
    0x08000bc6   0x08000bc6   0x0000001c   Code   RO         3422    .text               c_w.l(_chval.o)
    0x08000be2   0x08000be2   0x00000002   PAD
    0x08000be4   0x08000be4   0x0000002c   Code   RO         3424    .text               c_w.l(scanf_char.o)
    0x08000c10   0x08000c10   0x00000040   Code   RO         3426    .text               c_w.l(_sgetc.o)
    0x08000c50   0x08000c50   0x00000008   Code   RO         3453    .text               c_w.l(rt_locale_intlibspace.o)
    0x08000c58   0x08000c58   0x0000008a   Code   RO         3455    .text               c_w.l(lludiv10.o)
    0x08000ce2   0x08000ce2   0x00000012   Code   RO         3457    .text               c_w.l(isspace.o)
    0x08000cf4   0x08000cf4   0x00000080   Code   RO         3459    .text               c_w.l(_printf_fp_infnan.o)
    0x08000d74   0x08000d74   0x00000374   Code   RO         3463    .text               c_w.l(_scanf.o)
    0x080010e8   0x080010e8   0x000000e4   Code   RO         3465    .text               c_w.l(bigflt0.o)
    0x080011cc   0x080011cc   0x00000008   Code   RO         3497    .text               c_w.l(libspace.o)
    0x080011d4   0x080011d4   0x0000004a   Code   RO         3500    .text               c_w.l(sys_stackheap_outer.o)
    0x0800121e   0x0800121e   0x00000002   PAD
    0x08001220   0x08001220   0x00000010   Code   RO         3502    .text               c_w.l(rt_ctype_table.o)
    0x08001230   0x08001230   0x00000012   Code   RO         3504    .text               c_w.l(exit.o)
    0x08001242   0x08001242   0x00000002   PAD
    0x08001244   0x08001244   0x00000080   Code   RO         3506    .text               c_w.l(strcmpv7m.o)
    0x080012c4   0x080012c4   0x0000000c   Code   RO         3581    .text               c_w.l(sys_exit.o)
    0x080012d0   0x080012d0   0x00000002   Code   RO         3592    .text               c_w.l(use_no_semi.o)
    0x080012d2   0x080012d2   0x00000000   Code   RO         3594    .text               c_w.l(indicate_semi.o)
    0x080012d2   0x080012d2   0x0000003e   Code   RO         3468    CL$$btod_d2e        c_w.l(btod.o)
    0x08001310   0x08001310   0x00000046   Code   RO         3470    CL$$btod_d2e_denorm_low  c_w.l(btod.o)
    0x08001356   0x08001356   0x00000060   Code   RO         3469    CL$$btod_d2e_norm_op1  c_w.l(btod.o)
    0x080013b6   0x080013b6   0x00000338   Code   RO         3478    CL$$btod_div_common  c_w.l(btod.o)
    0x080016ee   0x080016ee   0x000000dc   Code   RO         3475    CL$$btod_e2e        c_w.l(btod.o)
    0x080017ca   0x080017ca   0x0000002a   Code   RO         3472    CL$$btod_ediv       c_w.l(btod.o)
    0x080017f4   0x080017f4   0x0000002a   Code   RO         3471    CL$$btod_emul       c_w.l(btod.o)
    0x0800181e   0x0800181e   0x00000244   Code   RO         3477    CL$$btod_mult_common  c_w.l(btod.o)
    0x08001a62   0x08001a62   0x00000002   PAD
    0x08001a64   0x08001a64   0x00000056   Code   RO         1684    i.ADC_ConversionStop_Disable  stm32f1xx_hal_adc.o
    0x08001aba   0x08001aba   0x0000004e   Code   RO         1685    i.ADC_DMAConvCplt   stm32f1xx_hal_adc.o
    0x08001b08   0x08001b08   0x0000001a   Code   RO         1686    i.ADC_DMAError      stm32f1xx_hal_adc.o
    0x08001b22   0x08001b22   0x0000000a   Code   RO         1687    i.ADC_DMAHalfConvCplt  stm32f1xx_hal_adc.o
    0x08001b2c   0x08001b2c   0x0000007c   Code   RO         1688    i.ADC_Enable        stm32f1xx_hal_adc.o
    0x08001ba8   0x08001ba8   0x00000164   Code   RO           13    i.Analyze_Signal_ZC  signal_process.o
    0x08001d0c   0x08001d0c   0x00000002   Code   RO          506    i.BusFault_Handler  stm32f1xx_it.o
    0x08001d0e   0x08001d0e   0x00000002   PAD
    0x08001d10   0x08001d10   0x0000000c   Code   RO          507    i.DMA1_Channel1_IRQHandler  stm32f1xx_it.o
    0x08001d1c   0x08001d1c   0x0000000c   Code   RO          508    i.DMA1_Channel4_IRQHandler  stm32f1xx_it.o
    0x08001d28   0x08001d28   0x0000000c   Code   RO          509    i.DMA1_Channel5_IRQHandler  stm32f1xx_it.o
    0x08001d34   0x08001d34   0x0000002a   Code   RO         2340    i.DMA_SetConfig     stm32f1xx_hal_dma.o
    0x08001d5e   0x08001d5e   0x00000002   Code   RO          510    i.DebugMon_Handler  stm32f1xx_it.o
    0x08001d60   0x08001d60   0x00000004   Code   RO          131    i.Error_Handler     main.o
    0x08001d64   0x08001d64   0x000000d8   Code   RO         1864    i.HAL_ADCEx_Calibration_Start  stm32f1xx_hal_adc_ex.o
    0x08001e3c   0x08001e3c   0x000000fc   Code   RO         1690    i.HAL_ADC_ConfigChannel  stm32f1xx_hal_adc.o
    0x08001f38   0x08001f38   0x00000002   Code   RO         1691    i.HAL_ADC_ConvCpltCallback  stm32f1xx_hal_adc.o
    0x08001f3a   0x08001f3a   0x00000002   Code   RO         1692    i.HAL_ADC_ConvHalfCpltCallback  stm32f1xx_hal_adc.o
    0x08001f3c   0x08001f3c   0x00000002   Code   RO         1694    i.HAL_ADC_ErrorCallback  stm32f1xx_hal_adc.o
    0x08001f3e   0x08001f3e   0x00000002   PAD
    0x08001f40   0x08001f40   0x0000011c   Code   RO         1699    i.HAL_ADC_Init      stm32f1xx_hal_adc.o
    0x0800205c   0x0800205c   0x00000090   Code   RO          322    i.HAL_ADC_MspInit   adc.o
    0x080020ec   0x080020ec   0x0000010c   Code   RO         1706    i.HAL_ADC_Start_DMA  stm32f1xx_hal_adc.o
    0x080021f8   0x080021f8   0x00000046   Code   RO         2341    i.HAL_DMA_Abort     stm32f1xx_hal_dma.o
    0x0800223e   0x0800223e   0x00000002   PAD
    0x08002240   0x08002240   0x00000098   Code   RO         2342    i.HAL_DMA_Abort_IT  stm32f1xx_hal_dma.o
    0x080022d8   0x080022d8   0x00000154   Code   RO         2346    i.HAL_DMA_IRQHandler  stm32f1xx_hal_dma.o
    0x0800242c   0x0800242c   0x0000005c   Code   RO         2347    i.HAL_DMA_Init      stm32f1xx_hal_dma.o
    0x08002488   0x08002488   0x00000070   Code   RO         2351    i.HAL_DMA_Start_IT  stm32f1xx_hal_dma.o
    0x080024f8   0x080024f8   0x000001e0   Code   RO         2277    i.HAL_GPIO_Init     stm32f1xx_hal_gpio.o
    0x080026d8   0x080026d8   0x0000000c   Code   RO         1971    i.HAL_GetTick       stm32f1xx_hal.o
    0x080026e4   0x080026e4   0x00000010   Code   RO         1977    i.HAL_IncTick       stm32f1xx_hal.o
    0x080026f4   0x080026f4   0x00000024   Code   RO         1978    i.HAL_Init          stm32f1xx_hal.o
    0x08002718   0x08002718   0x00000098   Code   RO          636    i.HAL_InitTick      stm32f1xx_hal_timebase_tim.o
    0x080027b0   0x080027b0   0x0000003c   Code   RO          612    i.HAL_MspInit       stm32f1xx_hal_msp.o
    0x080027ec   0x080027ec   0x0000001a   Code   RO         2437    i.HAL_NVIC_EnableIRQ  stm32f1xx_hal_cortex.o
    0x08002806   0x08002806   0x00000002   PAD
    0x08002808   0x08002808   0x00000040   Code   RO         2443    i.HAL_NVIC_SetPriority  stm32f1xx_hal_cortex.o
    0x08002848   0x08002848   0x00000024   Code   RO         2444    i.HAL_NVIC_SetPriorityGrouping  stm32f1xx_hal_cortex.o
    0x0800286c   0x0800286c   0x000000a4   Code   RO         2238    i.HAL_RCCEx_GetPeriphCLKFreq  stm32f1xx_hal_rcc_ex.o
    0x08002910   0x08002910   0x000000ec   Code   RO         2239    i.HAL_RCCEx_PeriphCLKConfig  stm32f1xx_hal_rcc_ex.o
    0x080029fc   0x080029fc   0x0000012c   Code   RO         2135    i.HAL_RCC_ClockConfig  stm32f1xx_hal_rcc.o
    0x08002b28   0x08002b28   0x00000040   Code   RO         2139    i.HAL_RCC_GetClockConfig  stm32f1xx_hal_rcc.o
    0x08002b68   0x08002b68   0x00000020   Code   RO         2142    i.HAL_RCC_GetPCLK1Freq  stm32f1xx_hal_rcc.o
    0x08002b88   0x08002b88   0x00000020   Code   RO         2143    i.HAL_RCC_GetPCLK2Freq  stm32f1xx_hal_rcc.o
    0x08002ba8   0x08002ba8   0x0000004c   Code   RO         2144    i.HAL_RCC_GetSysClockFreq  stm32f1xx_hal_rcc.o
    0x08002bf4   0x08002bf4   0x00000320   Code   RO         2147    i.HAL_RCC_OscConfig  stm32f1xx_hal_rcc.o
    0x08002f14   0x08002f14   0x00000002   Code   RO         1417    i.HAL_TIMEx_BreakCallback  stm32f1xx_hal_tim_ex.o
    0x08002f16   0x08002f16   0x00000002   Code   RO         1418    i.HAL_TIMEx_CommutCallback  stm32f1xx_hal_tim_ex.o
    0x08002f18   0x08002f18   0x00000068   Code   RO         1436    i.HAL_TIMEx_MasterConfigSynchronization  stm32f1xx_hal_tim_ex.o
    0x08002f80   0x08002f80   0x0000005a   Code   RO          713    i.HAL_TIM_Base_Init  stm32f1xx_hal_tim.o
    0x08002fda   0x08002fda   0x00000002   PAD
    0x08002fdc   0x08002fdc   0x00000028   Code   RO          391    i.HAL_TIM_Base_MspInit  tim.o
    0x08003004   0x08003004   0x00000050   Code   RO          716    i.HAL_TIM_Base_Start  stm32f1xx_hal_tim.o
    0x08003054   0x08003054   0x00000058   Code   RO          718    i.HAL_TIM_Base_Start_IT  stm32f1xx_hal_tim.o
    0x080030ac   0x080030ac   0x000000dc   Code   RO          722    i.HAL_TIM_ConfigClockSource  stm32f1xx_hal_tim.o
    0x08003188   0x08003188   0x00000002   Code   RO          747    i.HAL_TIM_IC_CaptureCallback  stm32f1xx_hal_tim.o
    0x0800318a   0x0800318a   0x00000130   Code   RO          761    i.HAL_TIM_IRQHandler  stm32f1xx_hal_tim.o
    0x080032ba   0x080032ba   0x00000002   Code   RO          764    i.HAL_TIM_OC_DelayElapsedCallback  stm32f1xx_hal_tim.o
    0x080032bc   0x080032bc   0x00000002   Code   RO          791    i.HAL_TIM_PWM_PulseFinishedCallback  stm32f1xx_hal_tim.o
    0x080032be   0x080032be   0x00000002   PAD
    0x080032c0   0x080032c0   0x00000028   Code   RO          132    i.HAL_TIM_PeriodElapsedCallback  main.o
    0x080032e8   0x080032e8   0x00000002   Code   RO          804    i.HAL_TIM_TriggerCallback  stm32f1xx_hal_tim.o
    0x080032ea   0x080032ea   0x00000002   Code   RO         2949    i.HAL_UARTEx_RxEventCallback  stm32f1xx_hal_uart.o
    0x080032ec   0x080032ec   0x00000002   Code   RO         2963    i.HAL_UART_ErrorCallback  stm32f1xx_hal_uart.o
    0x080032ee   0x080032ee   0x00000002   PAD
    0x080032f0   0x080032f0   0x00000018   Code   RO          433    i.HAL_UART_IDLE_Callback  usart.o
    0x08003308   0x08003308   0x0000026c   Code   RO         2966    i.HAL_UART_IRQHandler  stm32f1xx_hal_uart.o
    0x08003574   0x08003574   0x00000064   Code   RO         2967    i.HAL_UART_Init     stm32f1xx_hal_uart.o
    0x080035d8   0x080035d8   0x000000dc   Code   RO          435    i.HAL_UART_MspInit  usart.o
    0x080036b4   0x080036b4   0x0000001c   Code   RO         2972    i.HAL_UART_Receive_IT  stm32f1xx_hal_uart.o
    0x080036d0   0x080036d0   0x00000044   Code   RO          436    i.HAL_UART_RxCpltCallback  usart.o
    0x08003714   0x08003714   0x000000a0   Code   RO         2975    i.HAL_UART_Transmit  stm32f1xx_hal_uart.o
    0x080037b4   0x080037b4   0x00000002   Code   RO         2978    i.HAL_UART_TxCpltCallback  stm32f1xx_hal_uart.o
    0x080037b6   0x080037b6   0x00000002   Code   RO          511    i.HardFault_Handler  stm32f1xx_it.o
    0x080037b8   0x080037b8   0x00000050   Code   RO          323    i.MX_ADC1_Init      adc.o
    0x08003808   0x08003808   0x0000004c   Code   RO          363    i.MX_DMA_Init       dma.o
    0x08003854   0x08003854   0x0000002c   Code   RO          294    i.MX_GPIO_Init      gpio.o
    0x08003880   0x08003880   0x00000068   Code   RO          392    i.MX_TIM3_Init      tim.o
    0x080038e8   0x080038e8   0x00000040   Code   RO          437    i.MX_USART1_UART_Init  usart.o
    0x08003928   0x08003928   0x00000002   Code   RO          512    i.MemManage_Handler  stm32f1xx_it.o
    0x0800392a   0x0800392a   0x00000002   Code   RO          513    i.NMI_Handler       stm32f1xx_it.o
    0x0800392c   0x0800392c   0x00000002   Code   RO          514    i.PendSV_Handler    stm32f1xx_it.o
    0x0800392e   0x0800392e   0x00000002   PAD
    0x08003930   0x08003930   0x00000074   Code   RO          133    i.Process_ADC_Data_Once  main.o
    0x080039a4   0x080039a4   0x00000002   Code   RO          515    i.SVC_Handler       stm32f1xx_it.o
    0x080039a6   0x080039a6   0x00000002   Code   RO          516    i.SysTick_Handler   stm32f1xx_it.o
    0x080039a8   0x080039a8   0x00000078   Code   RO          134    i.SystemClock_Config  main.o
    0x08003a20   0x08003a20   0x00000002   Code   RO         3301    i.SystemInit        system_stm32f1xx.o
    0x08003a22   0x08003a22   0x00000002   PAD
    0x08003a24   0x08003a24   0x0000000c   Code   RO          517    i.TIM4_IRQHandler   stm32f1xx_it.o
    0x08003a30   0x08003a30   0x00000078   Code   RO          806    i.TIM_Base_SetConfig  stm32f1xx_hal_tim.o
    0x08003aa8   0x08003aa8   0x00000014   Code   RO          817    i.TIM_ETR_SetConfig  stm32f1xx_hal_tim.o
    0x08003abc   0x08003abc   0x00000010   Code   RO          818    i.TIM_ITRx_SetConfig  stm32f1xx_hal_tim.o
    0x08003acc   0x08003acc   0x00000022   Code   RO          824    i.TIM_TI1_ConfigInputStage  stm32f1xx_hal_tim.o
    0x08003aee   0x08003aee   0x00000024   Code   RO          826    i.TIM_TI2_ConfigInputStage  stm32f1xx_hal_tim.o
    0x08003b12   0x08003b12   0x00000010   Code   RO         2980    i.UART_DMAAbortOnError  stm32f1xx_hal_uart.o
    0x08003b22   0x08003b22   0x0000004e   Code   RO         2990    i.UART_EndRxTransfer  stm32f1xx_hal_uart.o
    0x08003b70   0x08003b70   0x00000108   Code   RO          438    i.UART_Process_Command  usart.o
    0x08003c78   0x08003c78   0x000000c2   Code   RO         2992    i.UART_Receive_IT   stm32f1xx_hal_uart.o
    0x08003d3a   0x08003d3a   0x00000002   PAD
    0x08003d3c   0x08003d3c   0x000000b8   Code   RO         2993    i.UART_SetConfig    stm32f1xx_hal_uart.o
    0x08003df4   0x08003df4   0x0000002c   Code   RO          439    i.UART_Start_Receive  usart.o
    0x08003e20   0x08003e20   0x00000036   Code   RO         2995    i.UART_Start_Receive_IT  stm32f1xx_hal_uart.o
    0x08003e56   0x08003e56   0x00000002   PAD
    0x08003e58   0x08003e58   0x00000020   Code   RO          440    i.UART_Transmit_String  usart.o
    0x08003e78   0x08003e78   0x00000072   Code   RO         2996    i.UART_WaitOnFlagUntilTimeout  stm32f1xx_hal_uart.o
    0x08003eea   0x08003eea   0x00000002   PAD
    0x08003eec   0x08003eec   0x00000028   Code   RO          518    i.USART1_IRQHandler  stm32f1xx_it.o
    0x08003f14   0x08003f14   0x00000002   Code   RO          519    i.UsageFault_Handler  stm32f1xx_it.o
    0x08003f16   0x08003f16   0x00000028   Code   RO         3495    i.__ARM_fpclassify  m_ws.l(fpclassify.o)
    0x08003f3e   0x08003f3e   0x00000020   Code   RO         2450    i.__NVIC_SetPriority  stm32f1xx_hal_cortex.o
    0x08003f5e   0x08003f5e   0x0000000e   Code   RO         3357    i._is_digit         c_w.l(__printf_wp.o)
    0x08003f6c   0x08003f6c   0x00000104   Code   RO          135    i.main              main.o
    0x08004070   0x08004070   0x0000002c   Code   RO         3491    locale$$code        c_w.l(lc_numeric_c.o)
    0x0800409c   0x0800409c   0x0000002c   Code   RO         3562    locale$$code        c_w.l(lc_ctype_c.o)
    0x080040c8   0x080040c8   0x0000000c   Code   RO         3428    x$fpl$dretinf       fz_ws.l(dretinf.o)
    0x080040d4   0x080040d4   0x00000056   Code   RO         3386    x$fpl$f2d           fz_ws.l(f2d.o)
    0x0800412a   0x0800412a   0x00000002   PAD
    0x0800412c   0x0800412c   0x000000c4   Code   RO         3388    x$fpl$fadd          fz_ws.l(faddsub_clz.o)
    0x080041f0   0x080041f0   0x00000184   Code   RO         3395    x$fpl$fdiv          fz_ws.l(fdiv.o)
    0x08004374   0x08004374   0x00000036   Code   RO         3398    x$fpl$ffix          fz_ws.l(ffix.o)
    0x080043aa   0x080043aa   0x00000002   PAD
    0x080043ac   0x080043ac   0x00000026   Code   RO         3402    x$fpl$ffltu         fz_ws.l(fflt_clz.o)
    0x080043d2   0x080043d2   0x00000002   PAD
    0x080043d4   0x080043d4   0x00000102   Code   RO         3408    x$fpl$fmul          fz_ws.l(fmul.o)
    0x080044d6   0x080044d6   0x0000008c   Code   RO         3430    x$fpl$fnaninf       fz_ws.l(fnaninf.o)
    0x08004562   0x08004562   0x0000000a   Code   RO         3432    x$fpl$fretinf       fz_ws.l(fretinf.o)
    0x0800456c   0x0800456c   0x000000ea   Code   RO         3390    x$fpl$fsub          fz_ws.l(faddsub_clz.o)
    0x08004656   0x08004656   0x00000004   Code   RO         3410    x$fpl$printf1       fz_ws.l(printf1.o)
    0x0800465a   0x0800465a   0x00000000   Code   RO         3434    x$fpl$usenofp       fz_ws.l(usenofp.o)
    0x0800465a   0x0800465a   0x00000012   Data   RO         2148    .constdata          stm32f1xx_hal_rcc.o
    0x0800466c   0x0800466c   0x00000012   Data   RO         2240    .constdata          stm32f1xx_hal_rcc_ex.o
    0x0800467e   0x0800467e   0x00000010   Data   RO         3302    .constdata          system_stm32f1xx.o
    0x0800468e   0x0800468e   0x00000008   Data   RO         3303    .constdata          system_stm32f1xx.o
    0x08004696   0x08004696   0x00000002   PAD
    0x08004698   0x08004698   0x00000094   Data   RO         3466    .constdata          c_w.l(bigflt0.o)
    0x0800472c   0x0800472c   0x00000049   Data   RO          137    .conststring        main.o
    0x08004775   0x08004775   0x00000003   PAD
    0x08004778   0x08004778   0x00000020   Data   RO         3641    Region$$Table       anon$$obj.o
    0x08004798   0x08004798   0x0000001c   Data   RO         3490    locale$$data        c_w.l(lc_numeric_c.o)
    0x080047b4   0x080047b4   0x00000110   Data   RO         3561    locale$$data        c_w.l(lc_ctype_c.o)


    Execution Region RW_IRAM1 (Exec base: 0x20000000, Load base: 0x080048c4, Size: 0x00004750, Max: 0x00005000, ABSOLUTE)

    Exec Addr    Load Addr    Size         Type   Attr      Idx    E Section Name        Object

    0x20000000   0x080048c4   0x00000004   Data   RW          139    .data               main.o
    0x20000004   0x080048c8   0x00000004   Data   RW          394    .data               tim.o
    0x20000008   0x080048cc   0x00000002   Data   RW          442    .data               usart.o
    0x2000000a   0x080048ce   0x00000002   PAD
    0x2000000c   0x080048d0   0x0000000c   Data   RW         1985    .data               stm32f1xx_hal.o
    0x20000018   0x080048dc   0x00000004   Data   RW         3304    .data               system_stm32f1xx.o
    0x2000001c        -       0x00003e80   Zero   RW          136    .bss                main.o
    0x20003e9c        -       0x00000074   Zero   RW          324    .bss                adc.o
    0x20003f10        -       0x00000048   Zero   RW          393    .bss                tim.o
    0x20003f58        -       0x00000150   Zero   RW          441    .bss                usart.o
    0x200040a8        -       0x00000048   Zero   RW          639    .bss                stm32f1xx_hal_timebase_tim.o
    0x200040f0        -       0x00000060   Zero   RW         3498    .bss                c_w.l(libspace.o)
    0x20004150        -       0x00000200   Zero   RW            2    HEAP                startup_stm32f103xb.o
    0x20004350        -       0x00000400   Zero   RW            1    STACK               startup_stm32f103xb.o


==============================================================================

Image component sizes


      Code (inc. data)   RO Data    RW Data    ZI Data      Debug   Object Name

       224         30          0          0        116       1735   adc.o
        76          4          0          0          0        746   dma.o
        44          6          0          0          0        755   gpio.o
       540        132         73          4      16000     431115   main.o
       356          6          0          0          0     448936   signal_process.o
        64         26        236          0       1536        796   startup_stm32f103xb.o
        64         14          0         12          0       4558   stm32f1xx_hal.o
      1134         56          0          0          0       8362   stm32f1xx_hal_adc.o
       216          6          0          0          0       1406   stm32f1xx_hal_adc_ex.o
       158         14          0          0          0      27926   stm32f1xx_hal_cortex.o
       808         36          0          0          0       4890   stm32f1xx_hal_dma.o
       480         34          0          0          0       2232   stm32f1xx_hal_gpio.o
        60          8          0          0          0        846   stm32f1xx_hal_msp.o
      1304         94         18          0          0       5641   stm32f1xx_hal_rcc.o
       400         28         18          0          0       2429   stm32f1xx_hal_rcc_ex.o
      1016         38          0          0          0      10298   stm32f1xx_hal_tim.o
       108         12          0          0          0       2345   stm32f1xx_hal_tim_ex.o
       152         20          0          0         72       1435   stm32f1xx_hal_timebase_tim.o
      1554         10          0          0          0      10756   stm32f1xx_hal_uart.o
       106         30          0          0          0       6524   stm32f1xx_it.o
         2          0         24          4          0       1071   system_stm32f1xx.o
       144         20          0          4         72       1668   tim.o
       716        178          0          2        336       4860   usart.o

    ----------------------------------------------------------------------
      9750        802        406         28      18132     981330   Object Totals
         0          0         32          0          0          0   (incl. Generated)
        24          0          5          2          0          0   (incl. Padding)

    ----------------------------------------------------------------------

      Code (inc. data)   RO Data    RW Data    ZI Data      Debug   Library Member Name

        60          8          0          0          0         84   __0sscanf.o
        44          6          0          0          0         84   __2sprintf.o
         8          0          0          0          0         68   __main.o
       284          0          0          0          0        156   __printf_wp.o
         0          0          0          0          0          0   __rtentry.o
        12          0          0          0          0          0   __rtentry2.o
         6          0          0          0          0          0   __rtentry4.o
        52          8          0          0          0          0   __scatter.o
        26          0          0          0          0          0   __scatter_copy.o
        28          0          0          0          0          0   __scatter_zi.o
        28          0          0          0          0         68   _chval.o
        48          6          0          0          0         96   _printf_char_common.o
       120         16          0          0          0         92   _printf_dec.o
         6          0          0          0          0          0   _printf_f.o
      1054          0          0          0          0        216   _printf_fp_dec.o
       128         16          0          0          0         84   _printf_fp_infnan.o
       178          0          0          0          0         88   _printf_intcommon.o
         0          0          0          0          0          0   _printf_percent.o
         4          0          0          0          0          0   _printf_percent_end.o
         6          0          0          0          0          0   _printf_u.o
       884          6          0          0          0        100   _scanf.o
       332          0          0          0          0         96   _scanf_int.o
        64          0          0          0          0         84   _sgetc.o
        10          0          0          0          0         68   _sputc.o
       228          4        148          0          0         96   bigflt0.o
      1936        128          0          0          0        672   btod.o
        18          0          0          0          0         80   exit.o
         6          0          0          0          0        152   heapauxi.o
         0          0          0          0          0          0   indicate_semi.o
        18          0          0          0          0         76   isspace.o
        44         10        272          0          0         76   lc_ctype_c.o
        44         10         28          0          0         76   lc_numeric_c.o
         2          0          0          0          0          0   libinit.o
        30          0          0          0          0          0   libinit2.o
         2          0          0          0          0          0   libshutdown.o
         2          0          0          0          0          0   libshutdown2.o
         8          4          0          0         96         68   libspace.o
       138          0          0          0          0         80   lludiv10.o
        16          4          0          0          0         76   rt_ctype_table.o
         8          4          0          0          0         68   rt_locale_intlibspace.o
        78          0          0          0          0         80   rt_memclr_w.o
       100          0          0          0          0         80   rt_memcpy_w.o
         2          0          0          0          0          0   rtexit.o
        10          0          0          0          0          0   rtexit2.o
        44          8          0          0          0         84   scanf_char.o
       128          0          0          0          0         68   strcmpv7m.o
        62          0          0          0          0         76   strlen.o
       150          0          0          0          0         80   strncmp.o
        12          4          0          0          0         68   sys_exit.o
        74          0          0          0          0         80   sys_stackheap_outer.o
         2          0          0          0          0         68   use_no_semi.o
        12          0          0          0          0         68   dretinf.o
        86          4          0          0          0         84   f2d.o
       430          8          0          0          0        168   faddsub_clz.o
       388         76          0          0          0         96   fdiv.o
        54          4          0          0          0         84   ffix.o
        38          0          0          0          0         68   fflt_clz.o
       258          4          0          0          0         84   fmul.o
       140          4          0          0          0         84   fnaninf.o
        10          0          0          0          0         68   fretinf.o
         4          0          0          0          0         68   printf1.o
         0          0          0          0          0          0   usenofp.o
        40          0          0          0          0         68   fpclassify.o

    ----------------------------------------------------------------------
      8024        342        448          0         96       4528   Library Totals
        20          0          0          0          0          0   (incl. Padding)

    ----------------------------------------------------------------------

      Code (inc. data)   RO Data    RW Data    ZI Data      Debug   Library Name

      6544        242        448          0         96       3588   c_w.l
      1420        100          0          0          0        872   fz_ws.l
        40          0          0          0          0         68   m_ws.l

    ----------------------------------------------------------------------
      8024        342        448          0         96       4528   Library Totals

    ----------------------------------------------------------------------

==============================================================================


      Code (inc. data)   RO Data    RW Data    ZI Data      Debug   

     17774       1144        854         28      18228     978262   Grand Totals
     17774       1144        854         28      18228     978262   ELF Image Totals
     17774       1144        854         28          0          0   ROM Totals

==============================================================================

    Total RO  Size (Code + RO Data)                18628 (  18.19kB)
    Total RW  Size (RW Data + ZI Data)             18256 (  17.83kB)
    Total ROM Size (Code + RO Data + RW Data)      18656 (  18.22kB)

==============================================================================

